#
# There is insufficient memory for the Java Runtime Environment to continue.
# Native memory allocation (malloc) failed to allocate 607216 bytes. Error detail: Chunk::new
# Possible reasons:
#   The system is out of physical RAM or swap space
#   This process is running with CompressedOops enabled, and the Java Heap may be blocking the growth of the native heap
# Possible solutions:
#   Reduce memory load on the system
#   Increase physical memory or swap space
#   Check if swap backing store is full
#   Decrease Java heap size (-Xmx/-Xms)
#   Decrease number of Java threads
#   Decrease Java thread stack sizes (-Xss)
#   Set larger code cache with -XX:ReservedCodeCacheSize=
#   JVM is running with Unscaled Compressed Oops mode in which the Java heap is
#     placed in the first 4GB address space. The Java Heap base address is the
#     maximum limit for the native heap growth. Please use -XX:HeapBaseMinAddress
#     to set the Java Heap base and to place the Java Heap above 4GB virtual address.
# This output file may be truncated or incomplete.
#
#  Out of Memory Error (arena.cpp:168), pid=11600, tid=10680
#
# JRE version: OpenJDK Runtime Environment (21.0.7) (build 21.0.7+-13880790-b1038.58)
# Java VM: OpenJDK 64-Bit Server VM (21.0.7+-13880790-b1038.58, mixed mode, tiered, compressed oops, compressed class ptrs, g1 gc, windows-amd64)
# No core dump will be written. Minidumps are not enabled by default on client versions of Windows
#

---------------  S U M M A R Y ------------

Command Line: --add-opens=java.base/java.lang=ALL-UNNAMED --add-opens=java.base/java.lang.invoke=ALL-UNNAMED --add-opens=java.base/java.util=ALL-UNNAMED --add-opens=java.prefs/java.util.prefs=ALL-UNNAMED --add-exports=jdk.compiler/com.sun.tools.javac.api=ALL-UNNAMED --add-exports=jdk.compiler/com.sun.tools.javac.util=ALL-UNNAMED --add-opens=java.base/java.util=ALL-UNNAMED --add-opens=java.prefs/java.util.prefs=ALL-UNNAMED --add-opens=java.base/java.nio.charset=ALL-UNNAMED --add-opens=java.base/java.net=ALL-UNNAMED --add-opens=java.base/java.util.concurrent.atomic=ALL-UNNAMED --add-opens=java.xml/javax.xml.namespace=ALL-UNNAMED -Xmx2048m -Dfile.encoding=UTF-8 -Duser.country=ES -Duser.language=es -Duser.variant -javaagent:C:\Users\Usuario\.gradle\wrapper\dists\gradle-8.13-bin\5xuhj0ry160q40clulazy9h7d\gradle-8.13\lib\agents\gradle-instrumentation-agent-8.13.jar org.gradle.launcher.daemon.bootstrap.GradleDaemon 8.13

Host: AMD Ryzen 5 4600G with Radeon Graphics, 12 cores, 13G,  Windows 11 , 64 bit Build 26100 (10.0.26100.7623)
Time: Fri Jan 16 12:28:31 2026 Hora estándar romance elapsed time: 15.745375 seconds (0d 0h 0m 15s)

---------------  T H R E A D  ---------------

Current thread (0x00000228d35168e0):  JavaThread "C2 CompilerThread0" daemon [_thread_in_native, id=10680, stack(0x000000932d600000,0x000000932d700000) (1024K)]


Current CompileTask:
C2:15745 7922       4       org.gradle.cache.internal.btree.FreeListBlockStore::read (12 bytes)

Stack: [0x000000932d600000,0x000000932d700000]
Native frames: (J=compiled Java code, j=interpreted, Vv=VM code, C=native code)
V  [jvm.dll+0x6d25c9]
V  [jvm.dll+0x860923]
V  [jvm.dll+0x862e7e]
V  [jvm.dll+0x863563]
V  [jvm.dll+0x27f156]
V  [jvm.dll+0xc002d]
V  [jvm.dll+0xc0563]
V  [jvm.dll+0x3b6d3b]
V  [jvm.dll+0x1de922]
V  [jvm.dll+0x247fc4]
V  [jvm.dll+0x247441]
V  [jvm.dll+0x1c5fb4]
V  [jvm.dll+0x256bac]
V  [jvm.dll+0x2550f6]
V  [jvm.dll+0x3f1d16]
V  [jvm.dll+0x808d08]
V  [jvm.dll+0x6d0e1d]
C  [ucrtbase.dll+0x37b0]
C  [KERNEL32.DLL+0x2e8d7]
C  [ntdll.dll+0x8c53c]


---------------  P R O C E S S  ---------------

Threads class SMR info:
_java_thread_list=0x00000228d824c530, length=87, elements={
0x00000228b99fc070, 0x00000228d34f0880, 0x00000228d34f3030, 0x00000228d34f36a0,
0x00000228d34f3d10, 0x00000228d34f4380, 0x00000228d34f49f0, 0x00000228d34f5060,
0x00000228d35168e0, 0x00000228d353f9c0, 0x00000228d8031d10, 0x00000228d9db4480,
0x00000228d9db3df0, 0x00000228d9db51a0, 0x00000228d9db30d0, 0x00000228d9db5830,
0x00000228d9db5ec0, 0x00000228d9db6550, 0x00000228d9db3760, 0x00000228da0ef360,
0x00000228da0ef9f0, 0x00000228da0f0080, 0x00000228da0edfb0, 0x00000228da0eecd0,
0x00000228da0ee640, 0x00000228da0ed290, 0x00000228da0f0da0, 0x00000228da0ed920,
0x00000228da0f48b0, 0x00000228da0f1ac0, 0x00000228da0f2150, 0x00000228da0f27e0,
0x00000228da0f1430, 0x00000228da0f2e70, 0x00000228da0f3b90, 0x00000228dd553bc0,
0x00000228dd554f70, 0x00000228dd554250, 0x00000228dd5548e0, 0x00000228dd555c90,
0x00000228dd555600, 0x00000228dd556320, 0x00000228dd557040, 0x00000228dd5569b0,
0x00000228db6823a0, 0x00000228db682a30, 0x00000228db686540, 0x00000228db6830c0,
0x00000228db683750, 0x00000228db685820, 0x00000228db685eb0, 0x00000228db684b00,
0x00000228d3540760, 0x00000228d3540e30, 0x00000228db688ca0, 0x00000228db6878f0,
0x00000228db6899c0, 0x00000228d95d4230, 0x00000228d95d48c0, 0x00000228d95d3510,
0x00000228d95d6990, 0x00000228d95d6300, 0x00000228d95d7020, 0x00000228d95d4f50,
0x00000228d95d3ba0, 0x00000228d95d76b0, 0x00000228d95d7d40, 0x00000228d95d83d0,
0x00000228d95d8a60, 0x00000228d95d55e0, 0x00000228d95d90f0, 0x00000228d95d5c70,
0x00000228d95d9e10, 0x00000228d95d9780, 0x00000228d95da4a0, 0x00000228d95dab30,
0x00000228d966d080, 0x00000228d966dda0, 0x00000228d966e430, 0x00000228d966eac0,
0x00000228d966f150, 0x00000228d966f7e0, 0x00000228d966fe70, 0x00000228d9670500,
0x00000228d966d710, 0x00000228de1885d0, 0x00000228de188c60
}

Java Threads: ( => current thread )
  0x00000228b99fc070 JavaThread "main"                              [_thread_blocked, id=7356, stack(0x000000932c700000,0x000000932c800000) (1024K)]
  0x00000228d34f0880 JavaThread "Common-Cleaner"             daemon [_thread_blocked, id=8280, stack(0x000000932cf00000,0x000000932d000000) (1024K)]
  0x00000228d34f3030 JavaThread "Reference Handler"          daemon [_thread_blocked, id=3572, stack(0x000000932d000000,0x000000932d100000) (1024K)]
  0x00000228d34f36a0 JavaThread "Finalizer"                  daemon [_thread_blocked, id=1908, stack(0x000000932d100000,0x000000932d200000) (1024K)]
  0x00000228d34f3d10 JavaThread "Signal Dispatcher"          daemon [_thread_blocked, id=6780, stack(0x000000932d200000,0x000000932d300000) (1024K)]
  0x00000228d34f4380 JavaThread "Attach Listener"            daemon [_thread_blocked, id=4684, stack(0x000000932d300000,0x000000932d400000) (1024K)]
  0x00000228d34f49f0 JavaThread "Service Thread"             daemon [_thread_blocked, id=11604, stack(0x000000932d400000,0x000000932d500000) (1024K)]
  0x00000228d34f5060 JavaThread "Monitor Deflation Thread"   daemon [_thread_blocked, id=3852, stack(0x000000932d500000,0x000000932d600000) (1024K)]
=>0x00000228d35168e0 JavaThread "C2 CompilerThread0"         daemon [_thread_in_native, id=10680, stack(0x000000932d600000,0x000000932d700000) (1024K)]
  0x00000228d353f9c0 JavaThread "C1 CompilerThread0"         daemon [_thread_blocked, id=12748, stack(0x000000932d700000,0x000000932d800000) (1024K)]
  0x00000228d8031d10 JavaThread "Notification Thread"        daemon [_thread_blocked, id=12936, stack(0x000000932d800000,0x000000932d900000) (1024K)]
  0x00000228d9db4480 JavaThread "Daemon health stats"               [_thread_blocked, id=6276, stack(0x000000932df00000,0x000000932e000000) (1024K)]
  0x00000228d9db3df0 JavaThread "Incoming local TCP Connector on port 54405"        [_thread_in_native, id=2212, stack(0x000000932e400000,0x000000932e500000) (1024K)]
  0x00000228d9db51a0 JavaThread "Daemon periodic checks"            [_thread_blocked, id=7464, stack(0x000000932e500000,0x000000932e600000) (1024K)]
  0x00000228d9db30d0 JavaThread "Daemon"                            [_thread_blocked, id=11084, stack(0x000000932e600000,0x000000932e700000) (1024K)]
  0x00000228d9db5830 JavaThread "Handler for socket connection from /127.0.0.1:54405 to /127.0.0.1:54407"        [_thread_in_native, id=6576, stack(0x000000932e700000,0x000000932e800000) (1024K)]
  0x00000228d9db5ec0 JavaThread "Cancel handler"                    [_thread_blocked, id=4176, stack(0x000000932e800000,0x000000932e900000) (1024K)]
  0x00000228d9db6550 JavaThread "Daemon worker"                     [_thread_blocked, id=7844, stack(0x000000932e900000,0x000000932ea00000) (1024K)]
  0x00000228d9db3760 JavaThread "Asynchronous log dispatcher for DefaultDaemonConnection: socket connection from /127.0.0.1:54405 to /127.0.0.1:54407"        [_thread_blocked, id=9960, stack(0x000000932ea00000,0x000000932eb00000) (1024K)]
  0x00000228da0ef360 JavaThread "Stdin handler"                     [_thread_blocked, id=7396, stack(0x000000932eb00000,0x000000932ec00000) (1024K)]
  0x00000228da0ef9f0 JavaThread "Daemon client event forwarder"        [_thread_blocked, id=9972, stack(0x000000932ec00000,0x000000932ed00000) (1024K)]
  0x00000228da0f0080 JavaThread "Cache worker for journal cache (C:\Users\Usuario\.gradle\caches\journal-1)"        [_thread_blocked, id=6948, stack(0x000000932f000000,0x000000932f100000) (1024K)]
  0x00000228da0edfb0 JavaThread "File lock request listener"        [_thread_in_native, id=10364, stack(0x000000932da00000,0x000000932db00000) (1024K)]
  0x00000228da0eecd0 JavaThread "Cache worker for file hash cache (C:\Users\Usuario\.gradle\caches\8.13\fileHashes)"        [_thread_blocked, id=12012, stack(0x000000932f100000,0x000000932f200000) (1024K)]
  0x00000228da0ee640 JavaThread "Cache worker for file hash cache (C:\Users\Usuario\AndroidStudioProjects\RecyclerEntrega\.gradle\8.13\fileHashes)"        [_thread_blocked, id=11804, stack(0x000000932f300000,0x000000932f400000) (1024K)]
  0x00000228da0ed290 JavaThread "Cache worker for Build Output Cleanup Cache (C:\Users\Usuario\AndroidStudioProjects\RecyclerEntrega\.gradle\buildOutputCleanup)"        [_thread_blocked, id=7940, stack(0x000000932f400000,0x000000932f500000) (1024K)]
  0x00000228da0f0da0 JavaThread "File watcher server"        daemon [_thread_in_native, id=9880, stack(0x000000932f500000,0x000000932f600000) (1024K)]
  0x00000228da0ed920 JavaThread "File watcher consumer"      daemon [_thread_blocked, id=10960, stack(0x000000932f600000,0x000000932f700000) (1024K)]
  0x00000228da0f48b0 JavaThread "jar transforms"                    [_thread_blocked, id=4344, stack(0x000000932f200000,0x000000932f300000) (1024K)]
  0x00000228da0f1ac0 JavaThread "jar transforms Thread 2"           [_thread_blocked, id=5840, stack(0x000000932f700000,0x000000932f800000) (1024K)]
  0x00000228da0f2150 JavaThread "Cache worker for checksums cache (C:\Users\Usuario\AndroidStudioProjects\RecyclerEntrega\.gradle\8.13\checksums)"        [_thread_blocked, id=11788, stack(0x000000932f900000,0x000000932fa00000) (1024K)]
  0x00000228da0f27e0 JavaThread "Cache worker for file content cache (C:\Users\Usuario\.gradle\caches\8.13\fileContent)"        [_thread_blocked, id=10628, stack(0x000000932fa00000,0x000000932fb00000) (1024K)]
  0x00000228da0f1430 JavaThread "jar transforms Thread 3"           [_thread_blocked, id=2764, stack(0x000000932fb00000,0x000000932fc00000) (1024K)]
  0x00000228da0f2e70 JavaThread "Cache worker for cache directory md-supplier (C:\Users\Usuario\.gradle\caches\8.13\md-supplier)"        [_thread_blocked, id=12692, stack(0x000000932fc00000,0x000000932fd00000) (1024K)]
  0x00000228da0f3b90 JavaThread "Cache worker for cache directory md-rule (C:\Users\Usuario\.gradle\caches\8.13\md-rule)"        [_thread_blocked, id=8532, stack(0x000000932fd00000,0x000000932fe00000) (1024K)]
  0x00000228dd553bc0 JavaThread "Unconstrained build operations"        [_thread_blocked, id=4972, stack(0x000000932fe00000,0x000000932ff00000) (1024K)]
  0x00000228dd554f70 JavaThread "Unconstrained build operations Thread 2"        [_thread_blocked, id=10236, stack(0x000000932ff00000,0x0000009330000000) (1024K)]
  0x00000228dd554250 JavaThread "Unconstrained build operations Thread 3"        [_thread_blocked, id=11960, stack(0x0000009330000000,0x0000009330100000) (1024K)]
  0x00000228dd5548e0 JavaThread "Unconstrained build operations Thread 4"        [_thread_blocked, id=3460, stack(0x0000009330100000,0x0000009330200000) (1024K)]
  0x00000228dd555c90 JavaThread "Unconstrained build operations Thread 5"        [_thread_blocked, id=7768, stack(0x0000009330200000,0x0000009330300000) (1024K)]
  0x00000228dd555600 JavaThread "Unconstrained build operations Thread 6"        [_thread_blocked, id=12648, stack(0x0000009330300000,0x0000009330400000) (1024K)]
  0x00000228dd556320 JavaThread "Unconstrained build operations Thread 7"        [_thread_blocked, id=12328, stack(0x0000009330400000,0x0000009330500000) (1024K)]
  0x00000228dd557040 JavaThread "Unconstrained build operations Thread 8"        [_thread_blocked, id=11392, stack(0x0000009330500000,0x0000009330600000) (1024K)]
  0x00000228dd5569b0 JavaThread "jar transforms Thread 4"           [_thread_blocked, id=8724, stack(0x0000009330600000,0x0000009330700000) (1024K)]
  0x00000228db6823a0 JavaThread "jar transforms Thread 5"           [_thread_blocked, id=4880, stack(0x0000009330700000,0x0000009330800000) (1024K)]
  0x00000228db682a30 JavaThread "Unconstrained build operations Thread 9"        [_thread_blocked, id=5012, stack(0x0000009330800000,0x0000009330900000) (1024K)]
  0x00000228db686540 JavaThread "Unconstrained build operations Thread 10"        [_thread_blocked, id=6424, stack(0x0000009330900000,0x0000009330a00000) (1024K)]
  0x00000228db6830c0 JavaThread "Unconstrained build operations Thread 11"        [_thread_blocked, id=6524, stack(0x0000009330a00000,0x0000009330b00000) (1024K)]
  0x00000228db683750 JavaThread "Unconstrained build operations Thread 12"        [_thread_blocked, id=7020, stack(0x0000009330b00000,0x0000009330c00000) (1024K)]
  0x00000228db685820 JavaThread "jar transforms Thread 6"           [_thread_blocked, id=592, stack(0x0000009330c00000,0x0000009330d00000) (1024K)]
  0x00000228db685eb0 JavaThread "jar transforms Thread 7"           [_thread_blocked, id=8564, stack(0x0000009330d00000,0x0000009330e00000) (1024K)]
  0x00000228db684b00 JavaThread "jar transforms Thread 8"           [_thread_blocked, id=3808, stack(0x0000009330e00000,0x0000009330f00000) (1024K)]
  0x00000228d3540760 JavaThread "C2 CompilerThread1"         daemon [_thread_in_native, id=9672, stack(0x000000932d900000,0x000000932da00000) (1024K)]
  0x00000228d3540e30 JavaThread "C2 CompilerThread2"         daemon [_thread_in_native, id=7092, stack(0x000000932f800000,0x000000932f900000) (1024K)]
  0x00000228db688ca0 JavaThread "Unconstrained build operations Thread 13"        [_thread_blocked, id=7212, stack(0x0000009330f00000,0x0000009331000000) (1024K)]
  0x00000228db6878f0 JavaThread "Unconstrained build operations Thread 14"        [_thread_blocked, id=7080, stack(0x0000009331000000,0x0000009331100000) (1024K)]
  0x00000228db6899c0 JavaThread "Unconstrained build operations Thread 15"        [_thread_blocked, id=11596, stack(0x0000009331100000,0x0000009331200000) (1024K)]
  0x00000228d95d4230 JavaThread "Unconstrained build operations Thread 16"        [_thread_blocked, id=7088, stack(0x0000009331200000,0x0000009331300000) (1024K)]
  0x00000228d95d48c0 JavaThread "Unconstrained build operations Thread 17"        [_thread_blocked, id=9360, stack(0x0000009331300000,0x0000009331400000) (1024K)]
  0x00000228d95d3510 JavaThread "Unconstrained build operations Thread 18"        [_thread_blocked, id=1836, stack(0x0000009331400000,0x0000009331500000) (1024K)]
  0x00000228d95d6990 JavaThread "Unconstrained build operations Thread 19"        [_thread_blocked, id=9052, stack(0x0000009331500000,0x0000009331600000) (1024K)]
  0x00000228d95d6300 JavaThread "Unconstrained build operations Thread 20"        [_thread_blocked, id=4664, stack(0x0000009331600000,0x0000009331700000) (1024K)]
  0x00000228d95d7020 JavaThread "Unconstrained build operations Thread 21"        [_thread_blocked, id=9988, stack(0x0000009331700000,0x0000009331800000) (1024K)]
  0x00000228d95d4f50 JavaThread "Unconstrained build operations Thread 22"        [_thread_blocked, id=1948, stack(0x0000009331800000,0x0000009331900000) (1024K)]
  0x00000228d95d3ba0 JavaThread "Unconstrained build operations Thread 23"        [_thread_blocked, id=740, stack(0x0000009331900000,0x0000009331a00000) (1024K)]
  0x00000228d95d76b0 JavaThread "Unconstrained build operations Thread 24"        [_thread_blocked, id=760, stack(0x0000009331a00000,0x0000009331b00000) (1024K)]
  0x00000228d95d7d40 JavaThread "Unconstrained build operations Thread 25"        [_thread_blocked, id=1672, stack(0x0000009331b00000,0x0000009331c00000) (1024K)]
  0x00000228d95d83d0 JavaThread "Unconstrained build operations Thread 26"        [_thread_blocked, id=4472, stack(0x0000009331c00000,0x0000009331d00000) (1024K)]
  0x00000228d95d8a60 JavaThread "Unconstrained build operations Thread 27"        [_thread_blocked, id=7068, stack(0x0000009331d00000,0x0000009331e00000) (1024K)]
  0x00000228d95d55e0 JavaThread "Unconstrained build operations Thread 28"        [_thread_blocked, id=9652, stack(0x0000009331e00000,0x0000009331f00000) (1024K)]
  0x00000228d95d90f0 JavaThread "Unconstrained build operations Thread 29"        [_thread_blocked, id=9028, stack(0x0000009331f00000,0x0000009332000000) (1024K)]
  0x00000228d95d5c70 JavaThread "Unconstrained build operations Thread 30"        [_thread_blocked, id=7184, stack(0x0000009332000000,0x0000009332100000) (1024K)]
  0x00000228d95d9e10 JavaThread "Unconstrained build operations Thread 31"        [_thread_blocked, id=12908, stack(0x0000009332100000,0x0000009332200000) (1024K)]
  0x00000228d95d9780 JavaThread "Unconstrained build operations Thread 32"        [_thread_blocked, id=9148, stack(0x0000009332200000,0x0000009332300000) (1024K)]
  0x00000228d95da4a0 JavaThread "Unconstrained build operations Thread 33"        [_thread_blocked, id=7248, stack(0x0000009332300000,0x0000009332400000) (1024K)]
  0x00000228d95dab30 JavaThread "Unconstrained build operations Thread 34"        [_thread_blocked, id=13000, stack(0x0000009332400000,0x0000009332500000) (1024K)]
  0x00000228d966d080 JavaThread "Unconstrained build operations Thread 35"        [_thread_blocked, id=11040, stack(0x0000009332500000,0x0000009332600000) (1024K)]
  0x00000228d966dda0 JavaThread "Unconstrained build operations Thread 36"        [_thread_blocked, id=2088, stack(0x0000009332600000,0x0000009332700000) (1024K)]
  0x00000228d966e430 JavaThread "Unconstrained build operations Thread 37"        [_thread_blocked, id=6400, stack(0x0000009332700000,0x0000009332800000) (1024K)]
  0x00000228d966eac0 JavaThread "Unconstrained build operations Thread 38"        [_thread_blocked, id=12192, stack(0x0000009332800000,0x0000009332900000) (1024K)]
  0x00000228d966f150 JavaThread "Unconstrained build operations Thread 39"        [_thread_blocked, id=7924, stack(0x0000009332900000,0x0000009332a00000) (1024K)]
  0x00000228d966f7e0 JavaThread "Unconstrained build operations Thread 40"        [_thread_blocked, id=380, stack(0x0000009332a00000,0x0000009332b00000) (1024K)]
  0x00000228d966fe70 JavaThread "Unconstrained build operations Thread 41"        [_thread_blocked, id=7944, stack(0x0000009332b00000,0x0000009332c00000) (1024K)]
  0x00000228d9670500 JavaThread "Unconstrained build operations Thread 42"        [_thread_blocked, id=13252, stack(0x0000009332c00000,0x0000009332d00000) (1024K)]
  0x00000228d966d710 JavaThread "Unconstrained build operations Thread 43"        [_thread_blocked, id=7988, stack(0x0000009332d00000,0x0000009332e00000) (1024K)]
  0x00000228de1885d0 JavaThread "Unconstrained build operations Thread 44"        [_thread_blocked, id=2252, stack(0x0000009332e00000,0x0000009332f00000) (1024K)]
  0x00000228de188c60 JavaThread "Unconstrained build operations Thread 45"        [_thread_blocked, id=10864, stack(0x0000009332f00000,0x0000009333000000) (1024K)]
Total: 87

Other Threads:
  0x00000228d34077d0 VMThread "VM Thread"                           [id=4272, stack(0x000000932ce00000,0x000000932cf00000) (1024K)] _threads_hazard_ptr=0x00000228d824c530
  0x00000228d34919e0 WatcherThread "VM Periodic Task Thread"        [id=9336, stack(0x000000932cd00000,0x000000932ce00000) (1024K)]
  0x00000228b9a568f0 WorkerThread "GC Thread#0"                     [id=7640, stack(0x000000932c800000,0x000000932c900000) (1024K)]
  0x00000228d8034ba0 WorkerThread "GC Thread#1"                     [id=9312, stack(0x000000932db00000,0x000000932dc00000) (1024K)]
  0x00000228d882a3f0 WorkerThread "GC Thread#2"                     [id=5344, stack(0x000000932dc00000,0x000000932dd00000) (1024K)]
  0x00000228d882a790 WorkerThread "GC Thread#3"                     [id=4164, stack(0x000000932dd00000,0x000000932de00000) (1024K)]
  0x00000228d882ab30 WorkerThread "GC Thread#4"                     [id=12892, stack(0x000000932de00000,0x000000932df00000) (1024K)]
  0x00000228d9dc4560 WorkerThread "GC Thread#5"                     [id=13308, stack(0x000000932e000000,0x000000932e100000) (1024K)]
  0x00000228d9dc4900 WorkerThread "GC Thread#6"                     [id=7188, stack(0x000000932e100000,0x000000932e200000) (1024K)]
  0x00000228d9dc4ca0 WorkerThread "GC Thread#7"                     [id=5032, stack(0x000000932e200000,0x000000932e300000) (1024K)]
  0x00000228d9dc5b70 WorkerThread "GC Thread#8"                     [id=4520, stack(0x000000932e300000,0x000000932e400000) (1024K)]
  0x00000228d9dc5f10 WorkerThread "GC Thread#9"                     [id=1408, stack(0x000000932ed00000,0x000000932ee00000) (1024K)]
  0x00000228b9a677e0 ConcurrentGCThread "G1 Main Marker"            [id=8784, stack(0x000000932c900000,0x000000932ca00000) (1024K)]
  0x00000228b9a69ee0 WorkerThread "G1 Conc#0"                       [id=404, stack(0x000000932ca00000,0x000000932cb00000) (1024K)]
  0x00000228d9dc5430 WorkerThread "G1 Conc#1"                       [id=12896, stack(0x000000932ee00000,0x000000932ef00000) (1024K)]
  0x00000228d9dc5090 WorkerThread "G1 Conc#2"                       [id=5144, stack(0x000000932ef00000,0x000000932f000000) (1024K)]
  0x00000228d32c4ad0 ConcurrentGCThread "G1 Refine#0"               [id=3036, stack(0x000000932cb00000,0x000000932cc00000) (1024K)]
  0x00000228d32c4f00 ConcurrentGCThread "G1 Service"                [id=2516, stack(0x000000932cc00000,0x000000932cd00000) (1024K)]
Total: 18

Threads with active compile tasks:
C2 CompilerThread0  16777 7922       4       org.gradle.cache.internal.btree.FreeListBlockStore::read (12 bytes)
C1 CompilerThread0  16777 8168       3       java.nio.charset.CharsetDecoder::replaceWith (68 bytes)
C2 CompilerThread1  16777 7920       4       org.gradle.cache.internal.btree.CachingBlockStore::read (56 bytes)
C2 CompilerThread2  16777 8067       4       com.google.common.collect.Interners$InternerImpl::intern (54 bytes)
Total: 4

VM state: synchronizing (normal execution)

VM Mutex/Monitor currently owned by a thread:  ([mutex/lock_event])
[0x00007fffccc81468] Threads_lock - owner thread: 0x00000228d34077d0

Heap address: 0x0000000080000000, size: 2048 MB, Compressed Oops mode: 32-bit

CDS archive(s) not mapped
Compressed class space mapped at: 0x0000000100000000-0x0000000140000000, reserved size: 1073741824
Narrow klass base: 0x0000000000000000, Narrow klass shift: 3, Narrow klass range: 0x140000000

GC Precious Log:
 CardTable entry size: 512
 Card Set container configuration: InlinePtr #cards 5 size 8 Array Of Cards #cards 12 size 40 Howl #buckets 4 coarsen threshold 1843 Howl Bitmap #cards 512 size 80 coarsen threshold 460 Card regions per heap region 1 cards per card region 2048
 CPUs: 12 total, 12 available
 Memory: 14229M
 Large Page Support: Disabled
 NUMA Support: Disabled
 Compressed Oops: Enabled (32-bit)
 Heap Region Size: 1M
 Heap Min Capacity: 8M
 Heap Initial Capacity: 224M
 Heap Max Capacity: 2G
 Pre-touch: Disabled
 Parallel Workers: 10
 Concurrent Workers: 3
 Concurrent Refinement Workers: 10
 Periodic GC: Disabled

Heap:
 garbage-first heap   total 108544K, used 72180K [0x0000000080000000, 0x0000000100000000)
  region size 1024K, 25 young (25600K), 4 survivors (4096K)
 Metaspace       used 72247K, committed 73984K, reserved 1114112K
  class space    used 9988K, committed 10816K, reserved 1048576K

Heap Regions: E=young(eden), S=young(survivor), O=old, HS=humongous(starts), HC=humongous(continues), CS=collection set, F=free, TAMS=top-at-mark-start, PB=parsable bottom
|   0|0x0000000080000000, 0x0000000080100000, 0x0000000080100000|100%|HS|  |TAMS 0x0000000080000000| PB 0x0000000080000000| Complete 
|   1|0x0000000080100000, 0x0000000080200000, 0x0000000080200000|100%|HC|  |TAMS 0x0000000080100000| PB 0x0000000080100000| Complete 
|   2|0x0000000080200000, 0x0000000080300000, 0x0000000080300000|100%|HC|  |TAMS 0x0000000080200000| PB 0x0000000080200000| Complete 
|   3|0x0000000080300000, 0x0000000080400000, 0x0000000080400000|100%| O|  |TAMS 0x0000000080300000| PB 0x0000000080300000| Untracked 
|   4|0x0000000080400000, 0x0000000080500000, 0x0000000080500000|100%| O|  |TAMS 0x0000000080400000| PB 0x0000000080400000| Untracked 
|   5|0x0000000080500000, 0x0000000080600000, 0x0000000080600000|100%| O|  |TAMS 0x0000000080500000| PB 0x0000000080500000| Untracked 
|   6|0x0000000080600000, 0x0000000080700000, 0x0000000080700000|100%| O|  |TAMS 0x0000000080600000| PB 0x0000000080600000| Untracked 
|   7|0x0000000080700000, 0x0000000080800000, 0x0000000080800000|100%|HS|  |TAMS 0x0000000080700000| PB 0x0000000080700000| Complete 
|   8|0x0000000080800000, 0x0000000080900000, 0x0000000080900000|100%| O|  |TAMS 0x0000000080800000| PB 0x0000000080800000| Untracked 
|   9|0x0000000080900000, 0x0000000080a00000, 0x0000000080a00000|100%| O|  |TAMS 0x0000000080900000| PB 0x0000000080900000| Untracked 
|  10|0x0000000080a00000, 0x0000000080b00000, 0x0000000080b00000|100%| O|  |TAMS 0x0000000080a00000| PB 0x0000000080a00000| Untracked 
|  11|0x0000000080b00000, 0x0000000080c00000, 0x0000000080c00000|100%| O|  |TAMS 0x0000000080b00000| PB 0x0000000080b00000| Untracked 
|  12|0x0000000080c00000, 0x0000000080d00000, 0x0000000080d00000|100%| O|  |TAMS 0x0000000080c00000| PB 0x0000000080c00000| Untracked 
|  13|0x0000000080d00000, 0x0000000080e00000, 0x0000000080e00000|100%| O|  |TAMS 0x0000000080d00000| PB 0x0000000080d00000| Untracked 
|  14|0x0000000080e00000, 0x0000000080f00000, 0x0000000080f00000|100%| O|  |TAMS 0x0000000080e00000| PB 0x0000000080e00000| Untracked 
|  15|0x0000000080f00000, 0x0000000081000000, 0x0000000081000000|100%| O|  |TAMS 0x0000000080f00000| PB 0x0000000080f00000| Untracked 
|  16|0x0000000081000000, 0x0000000081100000, 0x0000000081100000|100%| O|  |TAMS 0x0000000081000000| PB 0x0000000081000000| Untracked 
|  17|0x0000000081100000, 0x0000000081200000, 0x0000000081200000|100%| O|  |TAMS 0x0000000081100000| PB 0x0000000081100000| Untracked 
|  18|0x0000000081200000, 0x0000000081300000, 0x0000000081300000|100%| O|  |TAMS 0x0000000081200000| PB 0x0000000081200000| Untracked 
|  19|0x0000000081300000, 0x0000000081400000, 0x0000000081400000|100%| O|  |TAMS 0x0000000081300000| PB 0x0000000081300000| Untracked 
|  20|0x0000000081400000, 0x0000000081500000, 0x0000000081500000|100%| O|  |TAMS 0x0000000081400000| PB 0x0000000081400000| Untracked 
|  21|0x0000000081500000, 0x0000000081600000, 0x0000000081600000|100%| O|  |TAMS 0x0000000081500000| PB 0x0000000081500000| Untracked 
|  22|0x0000000081600000, 0x0000000081700000, 0x0000000081700000|100%| O|Cm|TAMS 0x0000000081600000| PB 0x0000000081600000| Complete 
|  23|0x0000000081700000, 0x0000000081800000, 0x0000000081800000|100%| O|  |TAMS 0x0000000081700000| PB 0x0000000081700000| Untracked 
|  24|0x0000000081800000, 0x0000000081900000, 0x0000000081900000|100%| O|  |TAMS 0x0000000081800000| PB 0x0000000081800000| Untracked 
|  25|0x0000000081900000, 0x0000000081a00000, 0x0000000081a00000|100%| O|  |TAMS 0x0000000081900000| PB 0x0000000081900000| Untracked 
|  26|0x0000000081a00000, 0x0000000081b00000, 0x0000000081b00000|100%| O|Cm|TAMS 0x0000000081a00000| PB 0x0000000081a00000| Complete 
|  27|0x0000000081b00000, 0x0000000081c00000, 0x0000000081c00000|100%| O|  |TAMS 0x0000000081b00000| PB 0x0000000081b00000| Untracked 
|  28|0x0000000081c00000, 0x0000000081d00000, 0x0000000081d00000|100%| O|  |TAMS 0x0000000081c00000| PB 0x0000000081c00000| Untracked 
|  29|0x0000000081d00000, 0x0000000081e00000, 0x0000000081e00000|100%| O|  |TAMS 0x0000000081d00000| PB 0x0000000081d00000| Untracked 
|  30|0x0000000081e00000, 0x0000000081f00000, 0x0000000081f00000|100%| O|  |TAMS 0x0000000081e00000| PB 0x0000000081e00000| Untracked 
|  31|0x0000000081f00000, 0x0000000082000000, 0x0000000082000000|100%| O|  |TAMS 0x0000000081f00000| PB 0x0000000081f00000| Untracked 
|  32|0x0000000082000000, 0x0000000082100000, 0x0000000082100000|100%| O|  |TAMS 0x0000000082000000| PB 0x0000000082000000| Untracked 
|  33|0x0000000082100000, 0x0000000082200000, 0x0000000082200000|100%| O|  |TAMS 0x0000000082100000| PB 0x0000000082100000| Untracked 
|  34|0x0000000082200000, 0x0000000082300000, 0x0000000082300000|100%| O|  |TAMS 0x0000000082200000| PB 0x0000000082200000| Untracked 
|  35|0x0000000082300000, 0x0000000082400000, 0x0000000082400000|100%| O|  |TAMS 0x0000000082300000| PB 0x0000000082300000| Untracked 
|  36|0x0000000082400000, 0x0000000082500000, 0x0000000082500000|100%| O|  |TAMS 0x0000000082400000| PB 0x0000000082400000| Untracked 
|  37|0x0000000082500000, 0x0000000082600000, 0x0000000082600000|100%| O|  |TAMS 0x0000000082500000| PB 0x0000000082500000| Untracked 
|  38|0x0000000082600000, 0x0000000082700000, 0x0000000082700000|100%| O|  |TAMS 0x0000000082600000| PB 0x0000000082600000| Untracked 
|  39|0x0000000082700000, 0x0000000082800000, 0x0000000082800000|100%| O|  |TAMS 0x0000000082700000| PB 0x0000000082700000| Untracked 
|  40|0x0000000082800000, 0x0000000082900000, 0x0000000082900000|100%| O|  |TAMS 0x0000000082800000| PB 0x0000000082800000| Untracked 
|  41|0x0000000082900000, 0x00000000829b7a80, 0x0000000082a00000| 71%| O|  |TAMS 0x0000000082900000| PB 0x0000000082900000| Untracked 
|  42|0x0000000082a00000, 0x0000000082a00000, 0x0000000082b00000|  0%| F|  |TAMS 0x0000000082a00000| PB 0x0000000082a00000| Untracked 
|  43|0x0000000082b00000, 0x0000000082b00000, 0x0000000082c00000|  0%| F|  |TAMS 0x0000000082b00000| PB 0x0000000082b00000| Untracked 
|  44|0x0000000082c00000, 0x0000000082c00000, 0x0000000082d00000|  0%| F|  |TAMS 0x0000000082c00000| PB 0x0000000082c00000| Untracked 
|  45|0x0000000082d00000, 0x0000000082d00000, 0x0000000082e00000|  0%| F|  |TAMS 0x0000000082d00000| PB 0x0000000082d00000| Untracked 
|  46|0x0000000082e00000, 0x0000000082e00000, 0x0000000082f00000|  0%| F|  |TAMS 0x0000000082e00000| PB 0x0000000082e00000| Untracked 
|  47|0x0000000082f00000, 0x0000000082f00000, 0x0000000083000000|  0%| F|  |TAMS 0x0000000082f00000| PB 0x0000000082f00000| Untracked 
|  48|0x0000000083000000, 0x00000000830c5850, 0x0000000083100000| 77%| S|CS|TAMS 0x0000000083000000| PB 0x0000000083000000| Complete 
|  49|0x0000000083100000, 0x0000000083100000, 0x0000000083200000|  0%| F|  |TAMS 0x0000000083100000| PB 0x0000000083100000| Untracked 
|  50|0x0000000083200000, 0x0000000083200000, 0x0000000083300000|  0%| F|  |TAMS 0x0000000083200000| PB 0x0000000083200000| Untracked 
|  51|0x0000000083300000, 0x0000000083300000, 0x0000000083400000|  0%| F|  |TAMS 0x0000000083300000| PB 0x0000000083300000| Untracked 
|  52|0x0000000083400000, 0x0000000083400000, 0x0000000083500000|  0%| F|  |TAMS 0x0000000083400000| PB 0x0000000083400000| Untracked 
|  53|0x0000000083500000, 0x0000000083500000, 0x0000000083600000|  0%| F|  |TAMS 0x0000000083500000| PB 0x0000000083500000| Untracked 
|  54|0x0000000083600000, 0x0000000083700000, 0x0000000083700000|100%| S|CS|TAMS 0x0000000083600000| PB 0x0000000083600000| Complete 
|  55|0x0000000083700000, 0x0000000083800000, 0x0000000083800000|100%| S|CS|TAMS 0x0000000083700000| PB 0x0000000083700000| Complete 
|  56|0x0000000083800000, 0x0000000083900000, 0x0000000083900000|100%| S|CS|TAMS 0x0000000083800000| PB 0x0000000083800000| Complete 
|  57|0x0000000083900000, 0x0000000083900000, 0x0000000083a00000|  0%| F|  |TAMS 0x0000000083900000| PB 0x0000000083900000| Untracked 
|  58|0x0000000083a00000, 0x0000000083a00000, 0x0000000083b00000|  0%| F|  |TAMS 0x0000000083a00000| PB 0x0000000083a00000| Untracked 
|  59|0x0000000083b00000, 0x0000000083b00000, 0x0000000083c00000|  0%| F|  |TAMS 0x0000000083b00000| PB 0x0000000083b00000| Untracked 
|  60|0x0000000083c00000, 0x0000000083c00000, 0x0000000083d00000|  0%| F|  |TAMS 0x0000000083c00000| PB 0x0000000083c00000| Untracked 
|  61|0x0000000083d00000, 0x0000000083d00000, 0x0000000083e00000|  0%| F|  |TAMS 0x0000000083d00000| PB 0x0000000083d00000| Untracked 
|  62|0x0000000083e00000, 0x0000000083e00000, 0x0000000083f00000|  0%| F|  |TAMS 0x0000000083e00000| PB 0x0000000083e00000| Untracked 
|  63|0x0000000083f00000, 0x0000000083f00000, 0x0000000084000000|  0%| F|  |TAMS 0x0000000083f00000| PB 0x0000000083f00000| Untracked 
|  64|0x0000000084000000, 0x0000000084000000, 0x0000000084100000|  0%| F|  |TAMS 0x0000000084000000| PB 0x0000000084000000| Untracked 
|  65|0x0000000084100000, 0x0000000084100000, 0x0000000084200000|  0%| F|  |TAMS 0x0000000084100000| PB 0x0000000084100000| Untracked 
|  66|0x0000000084200000, 0x0000000084200000, 0x0000000084300000|  0%| F|  |TAMS 0x0000000084200000| PB 0x0000000084200000| Untracked 
|  67|0x0000000084300000, 0x0000000084300000, 0x0000000084400000|  0%| F|  |TAMS 0x0000000084300000| PB 0x0000000084300000| Untracked 
|  68|0x0000000084400000, 0x0000000084400000, 0x0000000084500000|  0%| F|  |TAMS 0x0000000084400000| PB 0x0000000084400000| Untracked 
|  69|0x0000000084500000, 0x0000000084500000, 0x0000000084600000|  0%| F|  |TAMS 0x0000000084500000| PB 0x0000000084500000| Untracked 
|  70|0x0000000084600000, 0x0000000084600000, 0x0000000084700000|  0%| F|  |TAMS 0x0000000084600000| PB 0x0000000084600000| Untracked 
|  71|0x0000000084700000, 0x0000000084700000, 0x0000000084800000|  0%| F|  |TAMS 0x0000000084700000| PB 0x0000000084700000| Untracked 
|  72|0x0000000084800000, 0x0000000084800000, 0x0000000084900000|  0%| F|  |TAMS 0x0000000084800000| PB 0x0000000084800000| Untracked 
|  73|0x0000000084900000, 0x0000000084900000, 0x0000000084a00000|  0%| F|  |TAMS 0x0000000084900000| PB 0x0000000084900000| Untracked 
|  74|0x0000000084a00000, 0x0000000084a00000, 0x0000000084b00000|  0%| F|  |TAMS 0x0000000084a00000| PB 0x0000000084a00000| Untracked 
|  75|0x0000000084b00000, 0x0000000084b00000, 0x0000000084c00000|  0%| F|  |TAMS 0x0000000084b00000| PB 0x0000000084b00000| Untracked 
|  76|0x0000000084c00000, 0x0000000084c00000, 0x0000000084d00000|  0%| F|  |TAMS 0x0000000084c00000| PB 0x0000000084c00000| Untracked 
|  77|0x0000000084d00000, 0x0000000084d00000, 0x0000000084e00000|  0%| F|  |TAMS 0x0000000084d00000| PB 0x0000000084d00000| Untracked 
|  78|0x0000000084e00000, 0x0000000084e00000, 0x0000000084f00000|  0%| F|  |TAMS 0x0000000084e00000| PB 0x0000000084e00000| Untracked 
|  79|0x0000000084f00000, 0x0000000084f8cda0, 0x0000000085000000| 55%| E|  |TAMS 0x0000000084f00000| PB 0x0000000084f00000| Complete 
|  80|0x0000000085000000, 0x0000000085100000, 0x0000000085100000|100%| E|CS|TAMS 0x0000000085000000| PB 0x0000000085000000| Complete 
|  81|0x0000000085100000, 0x0000000085200000, 0x0000000085200000|100%| E|CS|TAMS 0x0000000085100000| PB 0x0000000085100000| Complete 
|  82|0x0000000085200000, 0x0000000085300000, 0x0000000085300000|100%| E|CS|TAMS 0x0000000085200000| PB 0x0000000085200000| Complete 
|  83|0x0000000085300000, 0x0000000085400000, 0x0000000085400000|100%| E|CS|TAMS 0x0000000085300000| PB 0x0000000085300000| Complete 
|  84|0x0000000085400000, 0x0000000085500000, 0x0000000085500000|100%| E|CS|TAMS 0x0000000085400000| PB 0x0000000085400000| Complete 
|  85|0x0000000085500000, 0x0000000085600000, 0x0000000085600000|100%| E|CS|TAMS 0x0000000085500000| PB 0x0000000085500000| Complete 
|  86|0x0000000085600000, 0x0000000085700000, 0x0000000085700000|100%| E|  |TAMS 0x0000000085600000| PB 0x0000000085600000| Complete 
|  87|0x0000000085700000, 0x0000000085800000, 0x0000000085800000|100%| E|CS|TAMS 0x0000000085700000| PB 0x0000000085700000| Complete 
| 195|0x000000008c300000, 0x000000008c400000, 0x000000008c400000|100%| E|CS|TAMS 0x000000008c300000| PB 0x000000008c300000| Complete 
| 196|0x000000008c400000, 0x000000008c500000, 0x000000008c500000|100%| E|CS|TAMS 0x000000008c400000| PB 0x000000008c400000| Complete 
| 197|0x000000008c500000, 0x000000008c600000, 0x000000008c600000|100%| E|CS|TAMS 0x000000008c500000| PB 0x000000008c500000| Complete 
| 198|0x000000008c600000, 0x000000008c700000, 0x000000008c700000|100%| E|CS|TAMS 0x000000008c600000| PB 0x000000008c600000| Complete 
| 199|0x000000008c700000, 0x000000008c800000, 0x000000008c800000|100%| E|CS|TAMS 0x000000008c700000| PB 0x000000008c700000| Complete 
| 200|0x000000008c800000, 0x000000008c900000, 0x000000008c900000|100%| E|CS|TAMS 0x000000008c800000| PB 0x000000008c800000| Complete 
| 201|0x000000008c900000, 0x000000008ca00000, 0x000000008ca00000|100%| E|CS|TAMS 0x000000008c900000| PB 0x000000008c900000| Complete 
| 202|0x000000008ca00000, 0x000000008cb00000, 0x000000008cb00000|100%| E|CS|TAMS 0x000000008ca00000| PB 0x000000008ca00000| Complete 
| 203|0x000000008cb00000, 0x000000008cc00000, 0x000000008cc00000|100%| E|CS|TAMS 0x000000008cb00000| PB 0x000000008cb00000| Complete 
| 204|0x000000008cc00000, 0x000000008cd00000, 0x000000008cd00000|100%| E|CS|TAMS 0x000000008cc00000| PB 0x000000008cc00000| Complete 
| 205|0x000000008cd00000, 0x000000008ce00000, 0x000000008ce00000|100%| E|CS|TAMS 0x000000008cd00000| PB 0x000000008cd00000| Complete 
| 223|0x000000008df00000, 0x000000008e000000, 0x000000008e000000|100%| E|CS|TAMS 0x000000008df00000| PB 0x000000008df00000| Complete 
|2042|0x00000000ffa00000, 0x00000000ffb00000, 0x00000000ffb00000|100%| O|  |TAMS 0x00000000ffa00000| PB 0x00000000ffa00000| Untracked 
|2043|0x00000000ffb00000, 0x00000000ffc00000, 0x00000000ffc00000|100%| O|  |TAMS 0x00000000ffb00000| PB 0x00000000ffb00000| Untracked 
|2044|0x00000000ffc00000, 0x00000000ffd00000, 0x00000000ffd00000|100%| O|  |TAMS 0x00000000ffc00000| PB 0x00000000ffc00000| Untracked 
|2045|0x00000000ffd00000, 0x00000000ffe00000, 0x00000000ffe00000|100%| O|  |TAMS 0x00000000ffd00000| PB 0x00000000ffd00000| Untracked 
|2046|0x00000000ffe00000, 0x00000000fff00000, 0x00000000fff00000|100%| O|  |TAMS 0x00000000ffe00000| PB 0x00000000ffe00000| Untracked 
|2047|0x00000000fff00000, 0x0000000100000000, 0x0000000100000000|100%| O|  |TAMS 0x00000000fff00000| PB 0x00000000fff00000| Untracked 

Card table byte_map: [0x00000228ce2d0000,0x00000228ce6d0000] _byte_map_base: 0x00000228cded0000

Marking Bits: (CMBitMap*) 0x00000228b9a56f00
 Bits: [0x00000228ce6d0000, 0x00000228d06d0000)

Polling page: 0x00000228b9710000

Metaspace:

Usage:
  Non-class:     60.80 MB used.
      Class:      9.75 MB used.
       Both:     70.55 MB used.

Virtual space:
  Non-class space:       64.00 MB reserved,      61.69 MB ( 96%) committed,  1 nodes.
      Class space:        1.00 GB reserved,      10.56 MB (  1%) committed,  1 nodes.
             Both:        1.06 GB reserved,      72.25 MB (  7%) committed. 

Chunk freelists:
   Non-Class:  2.23 MB
       Class:  5.38 MB
        Both:  7.61 MB

MaxMetaspaceSize: unlimited
CompressedClassSpaceSize: 1.00 GB
Initial GC threshold: 21.00 MB
Current GC threshold: 120.31 MB
CDS: off
 - commit_granule_bytes: 65536.
 - commit_granule_words: 8192.
 - virtual_space_node_default_size: 8388608.
 - enlarge_chunks_in_place: 1.
 - use_allocation_guard: 0.


Internal statistics:

num_allocs_failed_limit: 9.
num_arena_births: 3338.
num_arena_deaths: 0.
num_vsnodes_births: 2.
num_vsnodes_deaths: 0.
num_space_committed: 1156.
num_space_uncommitted: 0.
num_chunks_returned_to_freelist: 9.
num_chunks_taken_from_freelist: 6409.
num_chunk_merges: 9.
num_chunk_splits: 4120.
num_chunks_enlarged: 2496.
num_inconsistent_stats: 0.

CodeHeap 'non-profiled nmethods': size=120000Kb used=3988Kb max_used=4500Kb free=116011Kb
 bounds [0x00000228c5d20000, 0x00000228c6190000, 0x00000228cd250000]
CodeHeap 'profiled nmethods': size=120000Kb used=12802Kb max_used=13871Kb free=107197Kb
 bounds [0x00000228be250000, 0x00000228befe0000, 0x00000228c5780000]
CodeHeap 'non-nmethods': size=5760Kb used=2760Kb max_used=2806Kb free=2999Kb
 bounds [0x00000228c5780000, 0x00000228c5a50000, 0x00000228c5d20000]
 total_blobs=8066 nmethods=7164 adapters=805
 compilation: enabled
              stopped_count=0, restarted_count=0
 full_count=0

Compilation events (20 events):
Event: 13.731 Thread 0x00000228d353f9c0 nmethod 8141 0x00000228be256710 code [0x00000228be2568a0, 0x00000228be2569a8]
Event: 13.731 Thread 0x00000228d353f9c0 8135       3       com.google.common.collect.ImmutableSortedMap$1EntrySet::createAsList (9 bytes)
Event: 13.732 Thread 0x00000228d353f9c0 nmethod 8135 0x00000228be541190 code [0x00000228be541360, 0x00000228be541758]
Event: 13.732 Thread 0x00000228d353f9c0 8137       3       org.gradle.internal.execution.steps.IdentifyStep::executeDeferred (18 bytes)
Event: 13.732 Thread 0x00000228d353f9c0 nmethod 8137 0x00000228be39a290 code [0x00000228be39a440, 0x00000228be39a670]
Event: 13.732 Thread 0x00000228d353f9c0 8143       3       org.gradle.internal.buildoption.StringInternalOption::getDefaultValue (5 bytes)
Event: 13.732 Thread 0x00000228d353f9c0 nmethod 8143 0x00000228be2f4f10 code [0x00000228be2f50a0, 0x00000228be2f51c0]
Event: 13.732 Thread 0x00000228d353f9c0 8144       3       org.gradle.internal.fingerprint.impl.EmptyCurrentFileCollectionFingerprint::getHash (4 bytes)
Event: 13.732 Thread 0x00000228d353f9c0 nmethod 8144 0x00000228be309190 code [0x00000228be309320, 0x00000228be309438]
Event: 13.732 Thread 0x00000228d353f9c0 8145       3       org.gradle.api.internal.artifacts.transform.AbstractTransformExecution::emitIdentifyTransformExecutionProgressDetails (33 bytes)
Event: 13.733 Thread 0x00000228d353f9c0 nmethod 8145 0x00000228be3b1790 code [0x00000228be3b19a0, 0x00000228be3b1f90]
Event: 13.733 Thread 0x00000228d353f9c0 8147       3       org.gradle.internal.execution.steps.IdentifyStep::executeDeferred (11 bytes)
Event: 13.733 Thread 0x00000228d353f9c0 nmethod 8147 0x00000228be2ced90 code [0x00000228be2cef40, 0x00000228be2cf160]
Event: 13.733 Thread 0x00000228d353f9c0 8134       3       org.gradle.api.internal.artifacts.transform.AbstractTransformExecution$$Lambda/0x000000010082db18::get (8 bytes)
Event: 13.733 Thread 0x00000228d353f9c0 nmethod 8134 0x00000228be5db410 code [0x00000228be5db620, 0x00000228be5dbcd8]
Event: 13.734 Thread 0x00000228d353f9c0 8139       3       org.gradle.api.internal.artifacts.transform.AbstractTransformExecution::visitIdentityInputs (92 bytes)
Event: 13.735 Thread 0x00000228d353f9c0 nmethod 8139 0x00000228be3af210 code [0x00000228be3af560, 0x00000228be3b0b60]
Event: 13.735 Thread 0x00000228d353f9c0 8142       3       org.gradle.internal.execution.steps.IdentityCacheStep::executeDeferred (11 bytes)
Event: 13.735 Thread 0x00000228d353f9c0 nmethod 8142 0x00000228be30de90 code [0x00000228be30e040, 0x00000228be30e260]
Event: 13.735 Thread 0x00000228d353f9c0 8149       3       org.gradle.api.internal.artifacts.transform.TransformWorkspaceIdentity::createNonNormalizedImmutable (53 bytes)

GC Heap History (20 events):
Event: 4.460 GC heap before
{Heap before GC invocations=7 (full 0):
 garbage-first heap   total 86016K, used 28182K [0x0000000080000000, 0x0000000100000000)
  region size 1024K, 9 young (9216K), 6 survivors (6144K)
 Metaspace       used 35195K, committed 35968K, reserved 1114112K
  class space    used 4790K, committed 5184K, reserved 1048576K
}
Event: 4.463 GC heap after
{Heap after GC invocations=8 (full 0):
 garbage-first heap   total 86016K, used 26190K [0x0000000080000000, 0x0000000100000000)
  region size 1024K, 3 young (3072K), 3 survivors (3072K)
 Metaspace       used 35195K, committed 35968K, reserved 1114112K
  class space    used 4790K, committed 5184K, reserved 1048576K
}
Event: 5.107 GC heap before
{Heap before GC invocations=9 (full 0):
 garbage-first heap   total 86016K, used 72270K [0x0000000080000000, 0x0000000100000000)
  region size 1024K, 49 young (50176K), 3 survivors (3072K)
 Metaspace       used 43776K, committed 44672K, reserved 1114112K
  class space    used 5874K, committed 6272K, reserved 1048576K
}
Event: 5.111 GC heap after
{Heap after GC invocations=10 (full 0):
 garbage-first heap   total 86016K, used 31192K [0x0000000080000000, 0x0000000100000000)
  region size 1024K, 7 young (7168K), 7 survivors (7168K)
 Metaspace       used 43776K, committed 44672K, reserved 1114112K
  class space    used 5874K, committed 6272K, reserved 1048576K
}
Event: 5.518 GC heap before
{Heap before GC invocations=10 (full 0):
 garbage-first heap   total 86016K, used 77272K [0x0000000080000000, 0x0000000100000000)
  region size 1024K, 48 young (49152K), 7 survivors (7168K)
 Metaspace       used 47492K, committed 48512K, reserved 1114112K
  class space    used 6322K, committed 6784K, reserved 1048576K
}
Event: 5.523 GC heap after
{Heap after GC invocations=11 (full 0):
 garbage-first heap   total 90112K, used 34505K [0x0000000080000000, 0x0000000100000000)
  region size 1024K, 4 young (4096K), 4 survivors (4096K)
 Metaspace       used 47492K, committed 48512K, reserved 1114112K
  class space    used 6322K, committed 6784K, reserved 1048576K
}
Event: 5.977 GC heap before
{Heap before GC invocations=11 (full 0):
 garbage-first heap   total 90112K, used 77513K [0x0000000080000000, 0x0000000100000000)
  region size 1024K, 46 young (47104K), 4 survivors (4096K)
 Metaspace       used 52741K, committed 54208K, reserved 1114112K
  class space    used 7204K, committed 7936K, reserved 1048576K
}
Event: 5.980 GC heap after
{Heap after GC invocations=12 (full 0):
 garbage-first heap   total 90112K, used 37260K [0x0000000080000000, 0x0000000100000000)
  region size 1024K, 3 young (3072K), 3 survivors (3072K)
 Metaspace       used 52741K, committed 54208K, reserved 1114112K
  class space    used 7204K, committed 7936K, reserved 1048576K
}
Event: 6.574 GC heap before
{Heap before GC invocations=12 (full 0):
 garbage-first heap   total 90112K, used 79244K [0x0000000080000000, 0x0000000100000000)
  region size 1024K, 43 young (44032K), 3 survivors (3072K)
 Metaspace       used 57508K, committed 59008K, reserved 1114112K
  class space    used 7843K, committed 8576K, reserved 1048576K
}
Event: 6.578 GC heap after
{Heap after GC invocations=13 (full 0):
 garbage-first heap   total 90112K, used 41847K [0x0000000080000000, 0x0000000100000000)
  region size 1024K, 6 young (6144K), 6 survivors (6144K)
 Metaspace       used 57508K, committed 59008K, reserved 1114112K
  class space    used 7843K, committed 8576K, reserved 1048576K
}
Event: 6.783 GC heap before
{Heap before GC invocations=13 (full 0):
 garbage-first heap   total 90112K, used 73591K [0x0000000080000000, 0x0000000100000000)
  region size 1024K, 38 young (38912K), 6 survivors (6144K)
 Metaspace       used 58573K, committed 60096K, reserved 1114112K
  class space    used 8019K, committed 8768K, reserved 1048576K
}
Event: 6.787 GC heap after
{Heap after GC invocations=14 (full 0):
 garbage-first heap   total 90112K, used 43392K [0x0000000080000000, 0x0000000100000000)
  region size 1024K, 2 young (2048K), 2 survivors (2048K)
 Metaspace       used 58573K, committed 60096K, reserved 1114112K
  class space    used 8019K, committed 8768K, reserved 1048576K
}
Event: 7.229 GC heap before
{Heap before GC invocations=15 (full 0):
 garbage-first heap   total 90112K, used 79232K [0x0000000080000000, 0x0000000100000000)
  region size 1024K, 37 young (37888K), 2 survivors (2048K)
 Metaspace       used 63556K, committed 65088K, reserved 1114112K
  class space    used 8724K, committed 9472K, reserved 1048576K
}
Event: 7.232 GC heap after
{Heap after GC invocations=16 (full 0):
 garbage-first heap   total 108544K, used 44531K [0x0000000080000000, 0x0000000100000000)
  region size 1024K, 3 young (3072K), 3 survivors (3072K)
 Metaspace       used 63556K, committed 65088K, reserved 1114112K
  class space    used 8724K, committed 9472K, reserved 1048576K
}
Event: 7.900 GC heap before
{Heap before GC invocations=16 (full 0):
 garbage-first heap   total 108544K, used 96755K [0x0000000080000000, 0x0000000100000000)
  region size 1024K, 54 young (55296K), 3 survivors (3072K)
 Metaspace       used 70204K, committed 71936K, reserved 1114112K
  class space    used 9796K, committed 10624K, reserved 1048576K
}
Event: 7.904 GC heap after
{Heap after GC invocations=17 (full 0):
 garbage-first heap   total 108544K, used 46756K [0x0000000080000000, 0x0000000100000000)
  region size 1024K, 7 young (7168K), 7 survivors (7168K)
 Metaspace       used 70204K, committed 71936K, reserved 1114112K
  class space    used 9796K, committed 10624K, reserved 1048576K
}
Event: 8.486 GC heap before
{Heap before GC invocations=17 (full 0):
 garbage-first heap   total 108544K, used 92836K [0x0000000080000000, 0x0000000100000000)
  region size 1024K, 53 young (54272K), 7 survivors (7168K)
 Metaspace       used 71928K, committed 73664K, reserved 1114112K
  class space    used 9980K, committed 10816K, reserved 1048576K
}
Event: 8.490 GC heap after
{Heap after GC invocations=18 (full 0):
 garbage-first heap   total 108544K, used 50205K [0x0000000080000000, 0x0000000100000000)
  region size 1024K, 7 young (7168K), 7 survivors (7168K)
 Metaspace       used 71928K, committed 73664K, reserved 1114112K
  class space    used 9980K, committed 10816K, reserved 1048576K
}
Event: 10.667 GC heap before
{Heap before GC invocations=18 (full 0):
 garbage-first heap   total 108544K, used 93213K [0x0000000080000000, 0x0000000100000000)
  region size 1024K, 50 young (51200K), 7 survivors (7168K)
 Metaspace       used 72157K, committed 73920K, reserved 1114112K
  class space    used 9980K, committed 10816K, reserved 1048576K
}
Event: 10.671 GC heap after
{Heap after GC invocations=19 (full 0):
 garbage-first heap   total 108544K, used 52724K [0x0000000080000000, 0x0000000100000000)
  region size 1024K, 4 young (4096K), 4 survivors (4096K)
 Metaspace       used 72157K, committed 73920K, reserved 1114112K
  class space    used 9980K, committed 10816K, reserved 1048576K
}

Dll operation events (3 events):
Event: 0.007 Loaded shared library C:\Program Files\Android\Android Studio\jbr\bin\java.dll
Event: 0.011 Loaded shared library C:\Program Files\Android\Android Studio\jbr\bin\zip.dll
Event: 0.484 Loaded shared library C:\Program Files\Android\Android Studio\jbr\bin\verify.dll

Deoptimization events (20 events):
Event: 10.587 Thread 0x00000228d9db6550 DEOPT UNPACKING pc=0x00000228c57d46a2 sp=0x000000932e9f7af0 mode 2
Event: 10.587 Thread 0x00000228d9db6550 Uncommon trap: trap_request=0xffffffd6 fr.pc=0x00000228c617b7ec relative=0x000000000000050c
Event: 10.587 Thread 0x00000228d9db6550 Uncommon trap: reason=array_check action=maybe_recompile pc=0x00000228c617b7ec method=com.google.common.collect.ImmutableMap$Builder.put(Ljava/lang/Object;Ljava/lang/Object;)Lcom/google/common/collect/ImmutableMap$Builder; @ 32 c2
Event: 10.587 Thread 0x00000228d9db6550 DEOPT PACKING pc=0x00000228c617b7ec sp=0x000000932e9f7ab0
Event: 10.587 Thread 0x00000228d9db6550 DEOPT UNPACKING pc=0x00000228c57d46a2 sp=0x000000932e9f7a80 mode 2
Event: 13.742 Thread 0x00000228d966d080 Uncommon trap: trap_request=0xffffff45 fr.pc=0x00000228c5db5acc relative=0x000000000000026c
Event: 13.742 Thread 0x00000228d966d080 Uncommon trap: reason=unstable_if action=reinterpret pc=0x00000228c5db5acc method=java.util.concurrent.ConcurrentHashMap.addCount(JI)V @ 171 c2
Event: 13.742 Thread 0x00000228d966d080 DEOPT PACKING pc=0x00000228c5db5acc sp=0x00000093325fda80
Event: 13.742 Thread 0x00000228d966dda0 Uncommon trap: trap_request=0xffffffde fr.pc=0x00000228c60e0c1c relative=0x00000000000002dc
Event: 13.742 Thread 0x00000228d966dda0 Uncommon trap: reason=class_check action=maybe_recompile pc=0x00000228c60e0c1c method=java.util.concurrent.ConcurrentHashMap.get(Ljava/lang/Object;)Ljava/lang/Object; @ 93 c2
Event: 13.742 Thread 0x00000228d966dda0 DEOPT PACKING pc=0x00000228c60e0c1c sp=0x00000093326fde20
Event: 13.744 Thread 0x00000228de1885d0 Uncommon trap: trap_request=0xffffffde fr.pc=0x00000228c60e0c1c relative=0x00000000000002dc
Event: 13.744 Thread 0x00000228de188c60 Uncommon trap: trap_request=0xffffffde fr.pc=0x00000228c60e0c1c relative=0x00000000000002dc
Event: 13.744 Thread 0x00000228de1885d0 Uncommon trap: reason=class_check action=maybe_recompile pc=0x00000228c60e0c1c method=java.util.concurrent.ConcurrentHashMap.get(Ljava/lang/Object;)Ljava/lang/Object; @ 93 c2
Event: 13.744 Thread 0x00000228de188c60 Uncommon trap: reason=class_check action=maybe_recompile pc=0x00000228c60e0c1c method=java.util.concurrent.ConcurrentHashMap.get(Ljava/lang/Object;)Ljava/lang/Object; @ 93 c2
Event: 13.744 Thread 0x00000228de1885d0 DEOPT PACKING pc=0x00000228c60e0c1c sp=0x0000009332efdf60
Event: 13.744 Thread 0x00000228de188c60 DEOPT PACKING pc=0x00000228c60e0c1c sp=0x0000009332ffdce0
Event: 13.746 Thread 0x00000228d966f150 Uncommon trap: trap_request=0xffffff45 fr.pc=0x00000228c5e995d4 relative=0x0000000000001494
Event: 13.746 Thread 0x00000228d966f150 Uncommon trap: reason=unstable_if action=reinterpret pc=0x00000228c5e995d4 method=java.util.concurrent.ConcurrentHashMap.transfer([Ljava/util/concurrent/ConcurrentHashMap$Node;[Ljava/util/concurrent/ConcurrentHashMap$Node;)V @ 34 c2
Event: 13.746 Thread 0x00000228d966f150 DEOPT PACKING pc=0x00000228c5e995d4 sp=0x00000093329fdde0

Classes loaded (20 events):
Event: 7.876 Loading class jdk/internal/access/JavaObjectInputFilterAccess
Event: 7.876 Loading class jdk/internal/access/JavaObjectInputFilterAccess done
Event: 7.876 Loading class java/lang/System$Logger$Level
Event: 7.876 Loading class java/lang/System$Logger$Level done
Event: 7.876 Loading class jdk/internal/event/DeserializationEvent
Event: 7.876 Loading class jdk/internal/event/DeserializationEvent done
Event: 7.876 Loading class java/io/ObjectInputStream$FieldValues
Event: 7.876 Loading class java/io/ObjectInputStream$GetField
Event: 7.876 Loading class java/io/ObjectInputStream$GetField done
Event: 7.876 Loading class java/io/ObjectInputStream$FieldValues done
Event: 8.214 Loading class java/util/Collections$ReverseComparator
Event: 8.214 Loading class java/util/Collections$ReverseComparator done
Event: 8.214 Loading class java/util/Collections$ReverseComparator2
Event: 8.214 Loading class java/util/Collections$ReverseComparator2 done
Event: 10.561 Loading class java/lang/foreign/MemorySegment
Event: 10.562 Loading class java/lang/foreign/MemorySegment done
Event: 13.723 Loading class java/util/concurrent/LinkedBlockingDeque$Itr
Event: 13.723 Loading class java/util/concurrent/LinkedBlockingDeque$AbstractItr
Event: 13.723 Loading class java/util/concurrent/LinkedBlockingDeque$AbstractItr done
Event: 13.723 Loading class java/util/concurrent/LinkedBlockingDeque$Itr done

Classes unloaded (0 events):
No events

Classes redefined (0 events):
No events

Internal exceptions (20 events):
Event: 7.565 Thread 0x00000228d9db6550 Exception <a 'java/lang/ClassNotFoundException'{0x0000000084614a08}: org/gradle/internal/serialize/codecs/core/ClosureCodec$BrokenScriptBeanInfo> (0x0000000084614a08) 
thrown [s\src\hotspot\share\classfile\systemDictionary.cpp, line 312]
Event: 7.565 Thread 0x00000228d9db6550 Exception <a 'java/lang/ClassNotFoundException'{0x0000000084623530}: org/gradle/internal/serialize/codecs/core/ClosureCodec$BrokenScriptCustomizer> (0x0000000084623530) 
thrown [s\src\hotspot\share\classfile\systemDictionary.cpp, line 312]
Event: 7.567 Thread 0x00000228d9db6550 Exception <a 'java/lang/ClassNotFoundException'{0x000000008463d5a8}: org/gradle/api/invocation/GradleBeanInfo> (0x000000008463d5a8) 
thrown [s\src\hotspot\share\classfile\systemDictionary.cpp, line 312]
Event: 7.567 Thread 0x00000228d9db6550 Exception <a 'java/lang/ClassNotFoundException'{0x00000000846495b8}: org/gradle/api/invocation/GradleCustomizer> (0x00000000846495b8) 
thrown [s\src\hotspot\share\classfile\systemDictionary.cpp, line 312]
Event: 7.568 Thread 0x00000228d9db6550 Exception <a 'java/lang/NoSuchMethodError'{0x000000008466c1e0}: 'void java.lang.invoke.Invokers$Holder.invokeExact_MT(java.lang.Object, java.lang.Object, int, java.lang.Object)'> (0x000000008466c1e0) 
thrown [s\src\hotspot\share\interpreter\linkResolver.cpp, line 784]
Event: 7.572 Thread 0x00000228d9db6550 Exception <a 'java/lang/NoSuchMethodError'{0x000000008469dcb8}: 'void java.lang.invoke.Invokers$Holder.invokeExact_MT(java.lang.Object, java.lang.Object, long, java.lang.Object)'> (0x000000008469dcb8) 
thrown [s\src\hotspot\share\interpreter\linkResolver.cpp, line 784]
Event: 7.681 Thread 0x00000228d9db6550 Exception <a 'java/lang/NoSuchMethodError'{0x0000000083fa51b8}: 'long java.lang.invoke.DirectMethodHandle$Holder.invokeStatic(java.lang.Object, long)'> (0x0000000083fa51b8) 
thrown [s\src\hotspot\share\interpreter\linkResolver.cpp, line 784]
Event: 7.717 Thread 0x00000228d9db6550 Implicit null exception at 0x00000228c5feedc3 to 0x00000228c5fef100
Event: 7.740 Thread 0x00000228d9db6550 Exception <a 'java/lang/NoSuchMethodError'{0x0000000083a36480}: 'java.lang.Object java.lang.invoke.DirectMethodHandle$Holder.invokeVirtual(java.lang.Object, java.lang.Object, java.lang.Object, java.lang.Object, java.lang.Object, java.lang.Object, java.lang.Object, java.lang.Object, java.lang.Object, java.lang.Object, java.lang.Object, java.lang.Object, java.lang.Object, java.lang.Object, java.lang.Object, java.lang.Object, java.lang.Object)'> (0x0000000083a36480) 
thrown [s\src\hotspot\share\interpreter\li
Event: 7.741 Thread 0x00000228d9db6550 Exception <a 'java/lang/NoSuchMethodError'{0x0000000083a3c340}: 'java.lang.Object java.lang.invoke.DirectMethodHandle$Holder.invokeSpecial(java.lang.Object, java.lang.Object, java.lang.Object, java.lang.Object, java.lang.Object, java.lang.Object, java.lang.Object, java.lang.Object, java.lang.Object, java.lang.Object, java.lang.Object, java.lang.Object, java.lang.Object, java.lang.Object, java.lang.Object, java.lang.Object, java.lang.Object, java.lang.Object)'> (0x0000000083a3c340) 
thrown [s\src\hotspot\sh
Event: 7.741 Thread 0x00000228d9db6550 Exception <a 'java/lang/NoSuchMethodError'{0x0000000083a41898}: 'java.lang.Object java.lang.invoke.DelegatingMethodHandle$Holder.reinvoke_L(java.lang.Object, java.lang.Object, java.lang.Object, java.lang.Object, java.lang.Object, java.lang.Object, java.lang.Object, java.lang.Object, java.lang.Object, java.lang.Object, java.lang.Object, java.lang.Object, java.lang.Object, java.lang.Object, java.lang.Object, java.lang.Object, java.lang.Object)'> (0x0000000083a41898) 
thrown [s\src\hotspot\share\interpreter\l
Event: 7.855 Thread 0x00000228d9db6550 Exception <a 'java/lang/NoSuchMethodError'{0x00000000834eff78}: static Lorg/gradle/api/internal/catalog/DefaultVersionCatalog;.<clinit>()V> (0x00000000834eff78) 
thrown [s\src\hotspot\share\prims\jni.cpp, line 1144]
Event: 7.858 Thread 0x00000228d9db6550 Exception <a 'java/lang/NoSuchMethodError'{0x0000000083327c08}: static [Ljava/lang/Object;.<clinit>()V> (0x0000000083327c08) 
thrown [s\src\hotspot\share\prims\jni.cpp, line 1144]
Event: 7.860 Thread 0x00000228d9db6550 Exception <a 'java/lang/NoSuchMethodError'{0x000000008334f010}: static Lorg/gradle/api/internal/catalog/DependencyModel;.<clinit>()V> (0x000000008334f010) 
thrown [s\src\hotspot\share\prims\jni.cpp, line 1144]
Event: 7.860 Thread 0x00000228d9db6550 Exception <a 'java/lang/NoSuchMethodError'{0x0000000083352cf8}: static Lorg/gradle/api/internal/catalog/AbstractContextAwareModel;.<clinit>()V> (0x0000000083352cf8) 
thrown [s\src\hotspot\share\prims\jni.cpp, line 1144]
Event: 7.861 Thread 0x00000228d9db6550 Exception <a 'java/lang/NoSuchMethodError'{0x000000008336c520}: static Lorg/gradle/api/internal/artifacts/dependencies/AbstractVersionConstraint;.<clinit>()V> (0x000000008336c520) 
thrown [s\src\hotspot\share\prims\jni.cpp, line 1144]
Event: 7.869 Thread 0x00000228d9db6550 Exception <a 'java/lang/NoSuchMethodError'{0x000000008321e3a8}: static Lorg/gradle/api/internal/catalog/PluginModel;.<clinit>()V> (0x000000008321e3a8) 
thrown [s\src\hotspot\share\prims\jni.cpp, line 1144]
Event: 7.870 Thread 0x00000228d9db6550 Exception <a 'java/lang/NoSuchMethodError'{0x0000000083235be0}: static Lorg/gradle/api/internal/catalog/VersionModel;.<clinit>()V> (0x0000000083235be0) 
thrown [s\src\hotspot\share\prims\jni.cpp, line 1144]
Event: 7.934 Thread 0x00000228d9db6550 Exception <a 'java/lang/NoSuchMethodError'{0x000000008cc0c520}: 'int java.lang.invoke.DirectMethodHandle$Holder.invokeSpecialIFC(java.lang.Object, java.lang.Object, java.lang.Object)'> (0x000000008cc0c520) 
thrown [s\src\hotspot\share\interpreter\linkResolver.cpp, line 784]
Event: 7.977 Thread 0x00000228d9db6550 Exception <a 'java/lang/NoSuchMethodError'{0x000000008c989828}: 'void java.lang.invoke.DirectMethodHandle$Holder.invokeStatic(java.lang.Object, java.lang.Object, java.lang.Object, int, java.lang.Object)'> (0x000000008c989828) 
thrown [s\src\hotspot\share\interpreter\linkResolver.cpp, line 784]

ZGC Phase Switch (0 events):
No events

VM Operations (20 events):
Event: 7.471 Executing VM operation: HandshakeAllThreads (Deoptimize) done
Event: 7.541 Executing VM operation: HandshakeAllThreads (Deoptimize)
Event: 7.541 Executing VM operation: HandshakeAllThreads (Deoptimize) done
Event: 7.900 Executing VM operation: G1CollectForAllocation (G1 Evacuation Pause)
Event: 7.904 Executing VM operation: G1CollectForAllocation (G1 Evacuation Pause) done
Event: 8.193 Executing VM operation: ICBufferFull
Event: 8.194 Executing VM operation: ICBufferFull done
Event: 8.266 Executing VM operation: HandshakeAllThreads (Deoptimize)
Event: 8.266 Executing VM operation: HandshakeAllThreads (Deoptimize) done
Event: 8.347 Executing VM operation: ICBufferFull
Event: 8.347 Executing VM operation: ICBufferFull done
Event: 8.486 Executing VM operation: G1CollectForAllocation (G1 Evacuation Pause)
Event: 8.490 Executing VM operation: G1CollectForAllocation (G1 Evacuation Pause) done
Event: 9.501 Executing VM operation: Cleanup
Event: 10.541 Executing VM operation: Cleanup done
Event: 10.667 Executing VM operation: G1CollectForAllocation (G1 Evacuation Pause)
Event: 10.671 Executing VM operation: G1CollectForAllocation (G1 Evacuation Pause) done
Event: 10.697 Executing VM operation: G1PauseRemark
Event: 13.722 Executing VM operation: G1PauseRemark done
Event: 14.723 Executing VM operation: Cleanup

Memory protections (0 events):
No events

Nmethod flushes (20 events):
Event: 13.720 Thread 0x00000228d34077d0 flushing  nmethod 0x00000228be821010
Event: 13.720 Thread 0x00000228d34077d0 flushing  nmethod 0x00000228be821310
Event: 13.720 Thread 0x00000228d34077d0 flushing  nmethod 0x00000228be821e90
Event: 13.720 Thread 0x00000228d34077d0 flushing  nmethod 0x00000228be824890
Event: 13.720 Thread 0x00000228d34077d0 flushing  nmethod 0x00000228be825390
Event: 13.720 Thread 0x00000228d34077d0 flushing  nmethod 0x00000228be828c10
Event: 13.720 Thread 0x00000228d34077d0 flushing  nmethod 0x00000228be82a110
Event: 13.720 Thread 0x00000228d34077d0 flushing  nmethod 0x00000228be82a710
Event: 13.720 Thread 0x00000228d34077d0 flushing  nmethod 0x00000228be82b390
Event: 13.720 Thread 0x00000228d34077d0 flushing  nmethod 0x00000228be87f490
Event: 13.720 Thread 0x00000228d34077d0 flushing  nmethod 0x00000228be8f4790
Event: 13.720 Thread 0x00000228d34077d0 flushing  nmethod 0x00000228be8f5290
Event: 13.720 Thread 0x00000228d34077d0 flushing  nmethod 0x00000228be8f5890
Event: 13.720 Thread 0x00000228d34077d0 flushing  nmethod 0x00000228be8f6290
Event: 13.720 Thread 0x00000228d34077d0 flushing  nmethod 0x00000228be8f6a90
Event: 13.720 Thread 0x00000228d34077d0 flushing  nmethod 0x00000228be8f7010
Event: 13.720 Thread 0x00000228d34077d0 flushing  nmethod 0x00000228be94f190
Event: 13.720 Thread 0x00000228d34077d0 flushing  nmethod 0x00000228be9d8a90
Event: 13.720 Thread 0x00000228d34077d0 flushing  nmethod 0x00000228bea31890
Event: 13.720 Thread 0x00000228d34077d0 flushing  nmethod 0x00000228beac9110

Events (20 events):
Event: 8.358 Thread 0x00000228d9db6550 Thread added: 0x00000228d95d83d0
Event: 8.359 Thread 0x00000228d9db6550 Thread added: 0x00000228d95d8a60
Event: 8.361 Thread 0x00000228d9db6550 Thread added: 0x00000228d95d55e0
Event: 8.363 Thread 0x00000228d9db6550 Thread added: 0x00000228d95d90f0
Event: 8.364 Thread 0x00000228d9db6550 Thread added: 0x00000228d95d5c70
Event: 8.366 Thread 0x00000228d9db6550 Thread added: 0x00000228d95d9e10
Event: 8.367 Thread 0x00000228d9db6550 Thread added: 0x00000228d95d9780
Event: 8.368 Thread 0x00000228d9db6550 Thread added: 0x00000228d95da4a0
Event: 8.371 Thread 0x00000228d9db6550 Thread added: 0x00000228d95dab30
Event: 10.560 Thread 0x00000228d9db6550 Thread added: 0x00000228d966d080
Event: 10.561 Thread 0x00000228d9db6550 Thread added: 0x00000228d966dda0
Event: 10.561 Thread 0x00000228d9db6550 Thread added: 0x00000228d966e430
Event: 10.562 Thread 0x00000228d9db6550 Thread added: 0x00000228d966eac0
Event: 10.563 Thread 0x00000228d9db6550 Thread added: 0x00000228d966f150
Event: 10.563 Thread 0x00000228d9db6550 Thread added: 0x00000228d966f7e0
Event: 10.564 Thread 0x00000228d9db6550 Thread added: 0x00000228d966fe70
Event: 10.564 Thread 0x00000228d9db6550 Thread added: 0x00000228d9670500
Event: 10.565 Thread 0x00000228d9db6550 Thread added: 0x00000228d966d710
Event: 10.565 Thread 0x00000228d9db6550 Thread added: 0x00000228de1885d0
Event: 10.566 Thread 0x00000228d9db6550 Thread added: 0x00000228de188c60


Dynamic libraries:
0x00007ff655420000 - 0x00007ff65542a000 	C:\Program Files\Android\Android Studio\jbr\bin\java.exe
0x00007ff81b6c0000 - 0x00007ff81b927000 	C:\WINDOWS\SYSTEM32\ntdll.dll
0x00007ff81a250000 - 0x00007ff81a319000 	C:\WINDOWS\System32\KERNEL32.DLL
0x00007ff818c60000 - 0x00007ff81904f000 	C:\WINDOWS\System32\KERNELBASE.dll
0x00007ff819310000 - 0x00007ff81945b000 	C:\WINDOWS\System32\ucrtbase.dll
0x00007ffff8490000 - 0x00007ffff84a8000 	C:\Program Files\Android\Android Studio\jbr\bin\jli.dll
0x00007ff813940000 - 0x00007ff81395b000 	C:\Program Files\Android\Android Studio\jbr\bin\VCRUNTIME140.dll
0x00007ff819f60000 - 0x00007ff81a125000 	C:\WINDOWS\System32\USER32.dll
0x00007ff808700000 - 0x00007ff808993000 	C:\WINDOWS\WinSxS\amd64_microsoft.windows.common-controls_6595b64144ccf1df_6.0.26100.7309_none_3e05feeae336a044\COMCTL32.dll
0x00007ff818810000 - 0x00007ff818837000 	C:\WINDOWS\System32\win32u.dll
0x00007ff81b5d0000 - 0x00007ff81b679000 	C:\WINDOWS\System32\msvcrt.dll
0x00007ff8194b0000 - 0x00007ff8194db000 	C:\WINDOWS\System32\GDI32.dll
0x00007ff818b30000 - 0x00007ff818c5c000 	C:\WINDOWS\System32\gdi32full.dll
0x00007ff819110000 - 0x00007ff8191b3000 	C:\WINDOWS\System32\msvcp_win.dll
0x00007ff81aea0000 - 0x00007ff81aed1000 	C:\WINDOWS\System32\IMM32.DLL
0x00007ff813800000 - 0x00007ff81380c000 	C:\Program Files\Android\Android Studio\jbr\bin\vcruntime140_1.dll
0x00007fffd5a50000 - 0x00007fffd5add000 	C:\Program Files\Android\Android Studio\jbr\bin\msvcp140.dll
0x00007fffcc0d0000 - 0x00007fffccd5e000 	C:\Program Files\Android\Android Studio\jbr\bin\server\jvm.dll
0x00007ff81aa30000 - 0x00007ff81aae4000 	C:\WINDOWS\System32\ADVAPI32.dll
0x00007ff81ad40000 - 0x00007ff81ade6000 	C:\WINDOWS\System32\sechost.dll
0x00007ff81a130000 - 0x00007ff81a248000 	C:\WINDOWS\System32\RPCRT4.dll
0x00007ff81aaf0000 - 0x00007ff81ab64000 	C:\WINDOWS\System32\WS2_32.dll
0x00007ff818670000 - 0x00007ff8186ce000 	C:\WINDOWS\SYSTEM32\POWRPROF.dll
0x00007ff8123b0000 - 0x00007ff8123bb000 	C:\WINDOWS\SYSTEM32\VERSION.dll
0x00007ff811c10000 - 0x00007ff811c45000 	C:\WINDOWS\SYSTEM32\WINMM.dll
0x00007ff818650000 - 0x00007ff818664000 	C:\WINDOWS\SYSTEM32\UMPDC.dll
0x00007ff817580000 - 0x00007ff81759b000 	C:\WINDOWS\SYSTEM32\kernel.appcore.dll
0x00007ff8137f0000 - 0x00007ff8137fa000 	C:\Program Files\Android\Android Studio\jbr\bin\jimage.dll
0x00007ff80edc0000 - 0x00007ff80f002000 	C:\WINDOWS\SYSTEM32\DBGHELP.DLL
0x00007ff81aee0000 - 0x00007ff81b266000 	C:\WINDOWS\System32\combase.dll
0x00007ff81a950000 - 0x00007ff81aa26000 	C:\WINDOWS\System32\OLEAUT32.dll
0x00007ff808210000 - 0x00007ff80824c000 	C:\WINDOWS\SYSTEM32\dbgcore.DLL
0x00007ff819060000 - 0x00007ff819105000 	C:\WINDOWS\System32\bcryptPrimitives.dll
0x00007ff8003e0000 - 0x00007ff8003ee000 	C:\Program Files\Android\Android Studio\jbr\bin\instrument.dll
0x00007ff811bc0000 - 0x00007ff811be0000 	C:\Program Files\Android\Android Studio\jbr\bin\java.dll
0x00007ff80db40000 - 0x00007ff80db58000 	C:\Program Files\Android\Android Studio\jbr\bin\zip.dll
0x00007ff819800000 - 0x00007ff819f53000 	C:\WINDOWS\System32\SHELL32.dll
0x00007ff8189c0000 - 0x00007ff818b2a000 	C:\WINDOWS\System32\wintypes.dll
0x00007ff8163f0000 - 0x00007ff816c4e000 	C:\WINDOWS\SYSTEM32\windows.storage.dll
0x00007ff81ac40000 - 0x00007ff81ad35000 	C:\WINDOWS\System32\SHCORE.dll
0x00007ff819790000 - 0x00007ff8197f6000 	C:\WINDOWS\System32\shlwapi.dll
0x00007ff818730000 - 0x00007ff818759000 	C:\WINDOWS\SYSTEM32\profapi.dll
0x00007ff8130a0000 - 0x00007ff8130b0000 	C:\Program Files\Android\Android Studio\jbr\bin\net.dll
0x00007ff812250000 - 0x00007ff812378000 	C:\WINDOWS\SYSTEM32\WINHTTP.dll
0x00007ff817ad0000 - 0x00007ff817b3b000 	C:\WINDOWS\system32\mswsock.dll
0x00007ff80daa0000 - 0x00007ff80dab6000 	C:\Program Files\Android\Android Studio\jbr\bin\nio.dll
0x00007ff811bf0000 - 0x00007ff811c00000 	C:\Program Files\Android\Android Studio\jbr\bin\verify.dll
0x00007ffff78b0000 - 0x00007ffff78d7000 	C:\Users\Usuario\.gradle\native\1def1411415f61bf3af743bc5b6707747c0891f09f0c88961ee8f79bc544acac\windows-amd64\native-platform.dll
0x00007fffd2120000 - 0x00007fffd2198000 	C:\Users\Usuario\.gradle\native\0.2.7\x86_64-windows-gnu\gradle-fileevents.dll
0x00007ff80c3d0000 - 0x00007ff80c3d9000 	C:\Program Files\Android\Android Studio\jbr\bin\management.dll
0x00007ff80c3c0000 - 0x00007ff80c3cb000 	C:\Program Files\Android\Android Studio\jbr\bin\management_ext.dll
0x00007ff8194e0000 - 0x00007ff8194e8000 	C:\WINDOWS\System32\PSAPI.DLL
0x00007ff816f70000 - 0x00007ff816fa4000 	C:\WINDOWS\SYSTEM32\IPHLPAPI.DLL
0x00007ff81a7d0000 - 0x00007ff81a7da000 	C:\WINDOWS\System32\NSI.dll
0x00007ff80da90000 - 0x00007ff80da99000 	C:\Program Files\Android\Android Studio\jbr\bin\extnet.dll
0x00007ff817ec0000 - 0x00007ff817edb000 	C:\WINDOWS\SYSTEM32\CRYPTSP.dll
0x00007ff8174e0000 - 0x00007ff81751a000 	C:\WINDOWS\system32\rsaenh.dll
0x00007ff817b80000 - 0x00007ff817bab000 	C:\WINDOWS\SYSTEM32\USERENV.dll
0x00007ff818700000 - 0x00007ff81872a000 	C:\WINDOWS\SYSTEM32\bcrypt.dll
0x00007ff817d20000 - 0x00007ff817d2c000 	C:\WINDOWS\SYSTEM32\CRYPTBASE.dll
0x00007ff80db30000 - 0x00007ff80db38000 	C:\WINDOWS\system32\wshunix.dll

dbghelp: loaded successfully - version: 4.0.5 - missing functions: none
symbol engine: initialized successfully - sym options: 0x614 - pdb path: .;C:\Program Files\Android\Android Studio\jbr\bin;C:\WINDOWS\SYSTEM32;C:\WINDOWS\WinSxS\amd64_microsoft.windows.common-controls_6595b64144ccf1df_6.0.26100.7309_none_3e05feeae336a044;C:\Program Files\Android\Android Studio\jbr\bin\server;C:\Users\Usuario\.gradle\native\1def1411415f61bf3af743bc5b6707747c0891f09f0c88961ee8f79bc544acac\windows-amd64;C:\Users\Usuario\.gradle\native\0.2.7\x86_64-windows-gnu

VM Arguments:
jvm_args: --add-opens=java.base/java.lang=ALL-UNNAMED --add-opens=java.base/java.lang.invoke=ALL-UNNAMED --add-opens=java.base/java.util=ALL-UNNAMED --add-opens=java.prefs/java.util.prefs=ALL-UNNAMED --add-exports=jdk.compiler/com.sun.tools.javac.api=ALL-UNNAMED --add-exports=jdk.compiler/com.sun.tools.javac.util=ALL-UNNAMED --add-opens=java.base/java.util=ALL-UNNAMED --add-opens=java.prefs/java.util.prefs=ALL-UNNAMED --add-opens=java.base/java.nio.charset=ALL-UNNAMED --add-opens=java.base/java.net=ALL-UNNAMED --add-opens=java.base/java.util.concurrent.atomic=ALL-UNNAMED --add-opens=java.xml/javax.xml.namespace=ALL-UNNAMED -Xmx2048m -Dfile.encoding=UTF-8 -Duser.country=ES -Duser.language=es -Duser.variant -javaagent:C:\Users\Usuario\.gradle\wrapper\dists\gradle-8.13-bin\5xuhj0ry160q40clulazy9h7d\gradle-8.13\lib\agents\gradle-instrumentation-agent-8.13.jar 
java_command: org.gradle.launcher.daemon.bootstrap.GradleDaemon 8.13
java_class_path (initial): C:\Users\Usuario\.gradle\wrapper\dists\gradle-8.13-bin\5xuhj0ry160q40clulazy9h7d\gradle-8.13\lib\gradle-daemon-main-8.13.jar
Launcher Type: SUN_STANDARD

[Global flags]
     intx CICompilerCount                          = 4                                         {product} {ergonomic}
     uint ConcGCThreads                            = 3                                         {product} {ergonomic}
     uint G1ConcRefinementThreads                  = 10                                        {product} {ergonomic}
   size_t G1HeapRegionSize                         = 1048576                                   {product} {ergonomic}
    uintx GCDrainStackTargetSize                   = 64                                        {product} {ergonomic}
   size_t InitialHeapSize                          = 234881024                                 {product} {ergonomic}
   size_t MarkStackSize                            = 4194304                                   {product} {ergonomic}
   size_t MaxHeapSize                              = 2147483648                                {product} {command line}
   size_t MaxNewSize                               = 1287651328                                {product} {ergonomic}
   size_t MinHeapDeltaBytes                        = 1048576                                   {product} {ergonomic}
   size_t MinHeapSize                              = 8388608                                   {product} {ergonomic}
    uintx NonNMethodCodeHeapSize                   = 5839372                                {pd product} {ergonomic}
    uintx NonProfiledCodeHeapSize                  = 122909434                              {pd product} {ergonomic}
    uintx ProfiledCodeHeapSize                     = 122909434                              {pd product} {ergonomic}
    uintx ReservedCodeCacheSize                    = 251658240                              {pd product} {ergonomic}
     bool SegmentedCodeCache                       = true                                      {product} {ergonomic}
   size_t SoftMaxHeapSize                          = 2147483648                             {manageable} {ergonomic}
     bool UseCompressedOops                        = true                           {product lp64_product} {ergonomic}
     bool UseG1GC                                  = true                                      {product} {ergonomic}
     bool UseLargePagesIndividualAllocation        = false                                  {pd product} {ergonomic}

Logging:
Log output configuration:
 #0: stdout all=warning uptime,level,tags foldmultilines=false
 #1: stderr all=off uptime,level,tags foldmultilines=false

Environment Variables:
PATH=C:\Program Files\Common Files\Oracle\Java\javapath;C:\Program Files (x86)\Common Files\Oracle\Java\javapath;C:\WINDOWS\system32;C:\WINDOWS;C:\WINDOWS\System32\Wbem;C:\WINDOWS\System32\WindowsPowerShell\v1.0\;C:\WINDOWS\System32\OpenSSH\;C:\Program Files\Git\cmd;C:\Program Files\nodejs\;C:\Users\Usuario\AppData\Local\Programs\Python\Python313\Scripts\;C:\Users\Usuario\AppData\Local\Programs\Python\Python313\;C:\Users\Usuario\AppData\Local\Microsoft\WindowsApps;C:\Program Files\JetBrains\IntelliJ IDEA Community Edition 2025.2.1\bin;C:\Users\Usuario\AppData\Roaming\npm;C:\Program Files\JetBrains\WebStorm 2025.2.3\bin;C:\Users\Usuario\AppData\Local\JetBrains\Toolbox\scripts;C:\Program Files\JetBrains\WebStorm 2025.2.4\bin;C:\Program Files\JetBrains\PyCharm 2025.2.1.1\bin
USERNAME=Usuario
OS=Windows_NT
PROCESSOR_IDENTIFIER=AMD64 Family 23 Model 96 Stepping 1, AuthenticAMD
TMP=C:\Users\Usuario\AppData\Local\Temp
TEMP=C:\Users\Usuario\AppData\Local\Temp




Periodic native trim disabled

JNI global refs:
JNI global refs: 30, weak refs: 6

JNI global refs memory usage: 835, weak refs: 833

Process memory usage:
Resident Set Size: 334688K (2% of 14570588K total physical memory with 2316004K free physical memory)

OOME stack traces (most recent first):
Classloader memory used:
Loader org.gradle.internal.classloader.VisitableURLClassLoader                         : 36844K
Loader bootstrap                                                                       : 23448K
Loader org.gradle.initialization.MixInLegacyTypesClassLoader                           : 10831K
Loader jdk.internal.loader.ClassLoaders$PlatformClassLoader                            : 529K
Loader jdk.internal.loader.ClassLoaders$AppClassLoader                                 : 235K
Loader jdk.internal.reflect.DelegatingClassLoader                                      : 127K
Loader org.gradle.internal.classloader.VisitableURLClassLoader                         : 105K
Loader org.gradle.groovy.scripts.internal.DefaultScriptCompilationHandler$ScriptClassLoader: 99432B
Loader org.gradle.internal.classloader.VisitableURLClassLoader$InstrumentingVisitableURLClassLoader: 18368B
Loader org.codehaus.groovy.runtime.callsite.CallSiteClassLoader                        : 10112B

Classes loaded by more than one classloader:
Class Program                                                                         : loaded 3 times (x 70B)
Class org.gradle.internal.classloader.ClassLoaderHierarchy                            : loaded 2 times (x 68B)
Class org.gradle.api.internal.classpath.ManifestUtil                                  : loaded 2 times (x 69B)
Class org.gradle.internal.classloader.DefaultClassLoaderFactory                       : loaded 2 times (x 80B)
Class org.gradle.internal.classloader.ClassLoaderVisitor                              : loaded 2 times (x 74B)
Class org.gradle.api.internal.classpath.EffectiveClassPath                            : loaded 2 times (x 88B)
Class org.gradle.api.internal.DefaultClassPathProvider                                : loaded 2 times (x 74B)
Class [Lorg.gradle.api.internal.ClassPathProvider;                                    : loaded 2 times (x 67B)
Class org.gradle.api.internal.ClassPathProvider                                       : loaded 2 times (x 68B)
Class org.gradle.internal.service.UnknownServiceException                             : loaded 2 times (x 81B)
Class org.gradle.internal.classpath.TransformedClassPath                              : loaded 2 times (x 94B)
Class org.gradle.internal.classloader.InstrumentingClassLoader                        : loaded 2 times (x 68B)
Class org.gradle.internal.service.ServiceLocator                                      : loaded 2 times (x 68B)
Class ijKotlinCoroutineJvmDebugInit1_b02cyuutr0hensq9qug3td681$_run_closure1          : loaded 2 times (x 137B)
Class org.gradle.internal.InternalTransformer                                         : loaded 2 times (x 68B)
Class org.gradle.internal.classloader.ClasspathUtil$1                                 : loaded 2 times (x 74B)
Class org.gradle.api.internal.classpath.DefaultModuleRegistry$DefaultModule           : loaded 2 times (x 84B)
Class org.gradle.api.internal.classpath.Module                                        : loaded 2 times (x 68B)
Class org.gradle.api.internal.classpath.UnknownModuleException                        : loaded 2 times (x 80B)
Class org.gradle.api.internal.DefaultClassPathRegistry                                : loaded 2 times (x 74B)
Class org.gradle.api.internal.ClassPathRegistry                                       : loaded 2 times (x 68B)
Class org.gradle.internal.classpath.DefaultClassPath$ImmutableUniqueList              : loaded 2 times (x 197B)
Class org.gradle.internal.classloader.FilteringClassLoader                            : loaded 2 times (x 103B)
Class Settings_gradle$1                                                               : loaded 2 times (x 72B)
Class org.gradle.internal.classpath.ClassPath                                         : loaded 2 times (x 68B)
Class org.gradle.api.UncheckedIOException                                             : loaded 2 times (x 80B)
Class org.gradle.internal.installation.GradleInstallation$1                           : loaded 2 times (x 73B)
Class org.gradle.api.internal.classpath.ModuleRegistry                                : loaded 2 times (x 68B)
Class ijJvmDebugger1_9w445r5q55l8yq01b0c83qj5g$_run_closure1                          : loaded 2 times (x 137B)
Class org.gradle.api.internal.classpath.DefaultModuleRegistry                         : loaded 2 times (x 84B)
Class org.gradle.internal.service.ServiceLookupException                              : loaded 2 times (x 80B)
Class org.gradle.internal.classloader.ClassLoaderFactory                              : loaded 2 times (x 68B)
Class org.gradle.internal.service.CachingServiceLocator                               : loaded 2 times (x 80B)
Class org.gradle.internal.classloader.ClasspathUtil                                   : loaded 2 times (x 69B)
Class org.gradle.api.specs.Spec                                                       : loaded 2 times (x 68B)
Class ijJvmDebugger1_9w445r5q55l8yq01b0c83qj5g                                        : loaded 2 times (x 177B)
Class org.gradle.internal.classloader.VisitableURLClassLoader$InstrumentingVisitableURLClassLoader: loaded 2 times (x 121B)
Class org.gradle.internal.classloader.VisitableURLClassLoader$Spec                    : loaded 2 times (x 72B)
Class org.gradle.internal.classpath.DefaultClassPath                                  : loaded 2 times (x 88B)
Class org.gradle.internal.classloader.ClassLoaderSpec                                 : loaded 2 times (x 69B)
Class Settings_gradle$1$1                                                             : loaded 2 times (x 72B)
Class org.gradle.internal.classloader.VisitableURLClassLoader                         : loaded 2 times (x 115B)
Class Settings_gradle                                                                 : loaded 2 times (x 126B)
Class org.gradle.internal.Cast                                                        : loaded 2 times (x 69B)
Class org.gradle.api.Action                                                           : loaded 2 times (x 68B)
Class org.gradle.internal.classpath.DefaultClassPath$ImmutableUniqueList$Builder      : loaded 2 times (x 73B)
Class org.gradle.api.GradleException                                                  : loaded 2 times (x 80B)
Class org.gradle.internal.IoActions                                                   : loaded 2 times (x 69B)
Class org.gradle.internal.classloader.SystemClassLoaderSpec                           : loaded 2 times (x 69B)
Class org.gradle.api.internal.classpath.GlobalCacheRootsProvider                      : loaded 2 times (x 68B)
Class ijKotlinCoroutineJvmDebugInit1_b02cyuutr0hensq9qug3td681                        : loaded 2 times (x 177B)
Class org.gradle.internal.installation.CurrentGradleInstallationLocator               : loaded 2 times (x 69B)
Class org.gradle.internal.service.DefaultServiceLocator                               : loaded 2 times (x 81B)
Class org.gradle.internal.installation.CurrentGradleInstallation                      : loaded 2 times (x 71B)
Class org.gradle.util.internal.GUtil                                                  : loaded 2 times (x 69B)
Class org.gradle.internal.installation.GradleInstallation                             : loaded 2 times (x 73B)

---------------  S Y S T E M  ---------------

OS:
 Windows 11 , 64 bit Build 26100 (10.0.26100.7623)
OS uptime: 0 days 3:21 hours
Hyper-V role detected

CPU: total 12 (initial active 12) (12 cores per cpu, 2 threads per core) family 23 model 96 stepping 1 microcode 0x8600106, cx8, cmov, fxsr, ht, mmx, 3dnowpref, sse, sse2, sse3, ssse3, sse4a, sse4.1, sse4.2, popcnt, lzcnt, tsc, tscinvbit, avx, avx2, aes, clmul, bmi1, bmi2, adx, sha, fma, vzeroupper, clflush, clflushopt, hv, rdtscp, rdpid, f16c
Processor Information for the first 12 processors :
  Max Mhz: 3701, Current Mhz: 3701, Mhz Limit: 3701

Memory: 4k page, system-wide physical 14229M (2250M free)
TotalPageFile size 57237M (AvailPageFile size 3M)
current process WorkingSet (physical memory assigned to process): 329M, peak: 331M
current process commit charge ("private bytes"): 371M, peak: 372M

vm_info: OpenJDK 64-Bit Server VM (21.0.7+-13880790-b1038.58) for windows-amd64 JRE (21.0.7+-13880790-b1038.58), built on 2025-08-04T20:56:21Z by "builder" with MS VC++ 16.10 / 16.11 (VS2019)

END.
